16:25:04 **** Incremental Build of configuration Debug for project DC Motor ****
make -j16 all 
arm-none-eabi-gcc "../Core/Src/main.c" -mcpu=cortex-m4 -std=gnu11 -g3 -DDEBUG -DUSE_HAL_DRIVER -DSTM32F407xx -c -I../Core/Inc -I../Drivers/STM32F4xx_HAL_Driver/Inc -I../Drivers/STM32F4xx_HAL_Driver/Inc/Legacy -I../Drivers/CMSIS/Device/ST/STM32F4xx/Include -I../Drivers/CMSIS/Include -O0 -ffunction-sections -fdata-sections -Wall -fstack-usage -MMD -MP -MF"Core/Src/main.d" -MT"Core/Src/main.o" --specs=nano.specs -mfpu=fpv4-sp-d16 -mfloat-abi=hard -mthumb -o "Core/Src/main.o"
../Core/Src/main.c: In function 'check_Hall':
../Core/Src/main.c:149:27: warning: pointer targets in passing argument 3 of 'OLED_ShowString' differ in signedness [-Wpointer-sign]
  149 |     OLED_ShowString(0, 0, "Encoder Ticks ");
      |                           ^~~~~~~~~~~~~~~~
      |                           |
      |                           char *
In file included from ../Core/Src/main.c:24:
../Core/Inc/oled.h:49:57: note: expected 'const uint8_t *' {aka 'const unsigned char *'} but argument is of type 'char *'
   49 | void OLED_ShowString(uint8_t x,uint8_t y,const uint8_t *p);
      |                                          ~~~~~~~~~~~~~~~^
../Core/Src/main.c:151:5: warning: implicit declaration of function 'sprintf' [-Wimplicit-function-declaration]
  151 |     sprintf(buf, "%6d", ((TIM2->CNT)>>2)); // divide by 4 due to 4 edges/interrupts per pole transition
      |     ^~~~~~~
../Core/Src/main.c:151:5: warning: incompatible implicit declaration of built-in function 'sprintf'
../Core/Src/main.c:27:1: note: include '<stdio.h>' or provide a declaration of 'sprintf'
   26 | #include <stdlib.h>
  +++ |+#include <stdio.h>
   27 | /* USER CODE END Includes */
../Core/Src/main.c:151:21: warning: format '%d' expects argument of type 'int', but argument 3 has type 'uint32_t' {aka 'volatile long unsigned int'} [-Wformat=]
  151 |     sprintf(buf, "%6d", ((TIM2->CNT)>>2)); // divide by 4 due to 4 edges/interrupts per pole transition
      |                   ~~^   ~~~~~~~~~~~~~~~~
      |                     |               |
      |                     int             uint32_t {aka volatile long unsigned int}
      |                   %6ld
../Core/Src/main.c:152:29: warning: pointer targets in passing argument 3 of 'OLED_ShowString' differ in signedness [-Wpointer-sign]
  152 |     OLED_ShowString(25, 10, buf);
      |                             ^~~
      |                             |
      |                             char *
In file included from ../Core/Src/main.c:24:
../Core/Inc/oled.h:49:57: note: expected 'const uint8_t *' {aka 'const unsigned char *'} but argument is of type 'char *'
   49 | void OLED_ShowString(uint8_t x,uint8_t y,const uint8_t *p);
      |                                          ~~~~~~~~~~~~~~~^
../Core/Src/main.c:154:28: warning: pointer targets in passing argument 3 of 'OLED_ShowString' differ in signedness [-Wpointer-sign]
  154 |     OLED_ShowString(0, 30, "Angle = ");
      |                            ^~~~~~~~~~
      |                            |
      |                            char *
In file included from ../Core/Src/main.c:24:
../Core/Inc/oled.h:49:57: note: expected 'const uint8_t *' {aka 'const unsigned char *'} but argument is of type 'char *'
   49 | void OLED_ShowString(uint8_t x,uint8_t y,const uint8_t *p);
      |                                          ~~~~~~~~~~~~~~~^
../Core/Src/main.c:156:29: warning: pointer targets in passing argument 3 of 'OLED_ShowString' differ in signedness [-Wpointer-sign]
  156 |     OLED_ShowString(55, 30, buf);
      |                             ^~~
      |                             |
      |                             char *
In file included from ../Core/Src/main.c:24:
../Core/Inc/oled.h:49:57: note: expected 'const uint8_t *' {aka 'const unsigned char *'} but argument is of type 'char *'
   49 | void OLED_ShowString(uint8_t x,uint8_t y,const uint8_t *p);
      |                                          ~~~~~~~~~~~~~~~^
../Core/Src/main.c:157:28: warning: pointer targets in passing argument 3 of 'OLED_ShowString' differ in signedness [-Wpointer-sign]
  157 |     OLED_ShowString(0, 50, "Speed =    rpm"); // see SysTick_Handler in stm32f4xx_it.c
      |                            ^~~~~~~~~~~~~~~~
      |                            |
      |                            char *
In file included from ../Core/Src/main.c:24:
../Core/Inc/oled.h:49:57: note: expected 'const uint8_t *' {aka 'const unsigned char *'} but argument is of type 'char *'
   49 | void OLED_ShowString(uint8_t x,uint8_t y,const uint8_t *p);
      |                                          ~~~~~~~~~~~~~~~^
../Core/Src/main.c:159:29: warning: pointer targets in passing argument 3 of 'OLED_ShowString' differ in signedness [-Wpointer-sign]
  159 |     OLED_ShowString(55, 50, buf);
      |                             ^~~
      |                             |
      |                             char *
In file included from ../Core/Src/main.c:24:
../Core/Inc/oled.h:49:57: note: expected 'const uint8_t *' {aka 'const unsigned char *'} but argument is of type 'char *'
   49 | void OLED_ShowString(uint8_t x,uint8_t y,const uint8_t *p);
      |                                          ~~~~~~~~~~~~~~~^
../Core/Src/main.c: In function 'serial_uart':
../Core/Src/main.c:201:5: warning: incompatible implicit declaration of built-in function 'sprintf'
  201 |     sprintf(buf, "%4d", angle); //Hall Sensor = 26 poles/13 pulses, DC motor = 20x13 = 260 pulse per revolution
      |     ^~~~~~~
../Core/Src/main.c:201:5: note: include '<stdio.h>' or provide a declaration of 'sprintf'
../Core/Src/main.c:202:32: warning: pointer targets in passing argument 3 of 'OLED_ShowString' differ in signedness [-Wpointer-sign]
  202 |        OLED_ShowString(50, 10, buf);
      |                                ^~~
      |                                |
      |                                char *
In file included from ../Core/Src/main.c:24:
../Core/Inc/oled.h:49:57: note: expected 'const uint8_t *' {aka 'const unsigned char *'} but argument is of type 'char *'
   49 | void OLED_ShowString(uint8_t x,uint8_t y,const uint8_t *p);
      |                                          ~~~~~~~~~~~~~~~^
../Core/Src/main.c:204:35: warning: pointer targets in passing argument 2 of 'HAL_UART_Transmit' differ in signedness [-Wpointer-sign]
  204 |        HAL_UART_Transmit(&huart3, buf, 4, HAL_MAX_DELAY); // Send to Uart3 USB port
      |                                   ^~~
      |                                   |
      |                                   char *
In file included from ../Core/Inc/stm32f4xx_hal_conf.h:407,
                 from ../Drivers/STM32F4xx_HAL_Driver/Inc/stm32f4xx_hal.h:29,
                 from ../Core/Inc/main.h:30,
                 from ../Core/Src/main.c:20:
../Drivers/STM32F4xx_HAL_Driver/Inc/stm32f4xx_hal_uart.h:722:79: note: expected 'const uint8_t *' {aka 'const unsigned char *'} but argument is of type 'char *'
  722 | HAL_StatusTypeDef HAL_UART_Transmit(UART_HandleTypeDef *huart, const uint8_t *pData, uint16_t Size, uint32_t Timeout);
      |                                                                ~~~~~~~~~~~~~~~^~~~~
../Core/Src/main.c:207:35: warning: pointer targets in passing argument 2 of 'HAL_UART_Transmit' differ in signedness [-Wpointer-sign]
  207 |        HAL_UART_Transmit(&huart3, buf, 1, HAL_MAX_DELAY); // Send to Uart3 USB port
      |                                   ^~~
      |                                   |
      |                                   char *
In file included from ../Core/Inc/stm32f4xx_hal_conf.h:407,
                 from ../Drivers/STM32F4xx_HAL_Driver/Inc/stm32f4xx_hal.h:29,
                 from ../Core/Inc/main.h:30,
                 from ../Core/Src/main.c:20:
../Drivers/STM32F4xx_HAL_Driver/Inc/stm32f4xx_hal_uart.h:722:79: note: expected 'const uint8_t *' {aka 'const unsigned char *'} but argument is of type 'char *'
  722 | HAL_StatusTypeDef HAL_UART_Transmit(UART_HandleTypeDef *huart, const uint8_t *pData, uint16_t Size, uint32_t Timeout);
      |                                                                ~~~~~~~~~~~~~~~^~~~~
../Core/Src/main.c:209:35: warning: pointer targets in passing argument 2 of 'HAL_UART_Transmit' differ in signedness [-Wpointer-sign]
  209 |        HAL_UART_Transmit(&huart3, buf, 4, HAL_MAX_DELAY); // Send to Uart3 USB port
      |                                   ^~~
      |                                   |
      |                                   char *
In file included from ../Core/Inc/stm32f4xx_hal_conf.h:407,
                 from ../Drivers/STM32F4xx_HAL_Driver/Inc/stm32f4xx_hal.h:29,
                 from ../Core/Inc/main.h:30,
                 from ../Core/Src/main.c:20:
../Drivers/STM32F4xx_HAL_Driver/Inc/stm32f4xx_hal_uart.h:722:79: note: expected 'const uint8_t *' {aka 'const unsigned char *'} but argument is of type 'char *'
  722 | HAL_StatusTypeDef HAL_UART_Transmit(UART_HandleTypeDef *huart, const uint8_t *pData, uint16_t Size, uint32_t Timeout);
      |                                                                ~~~~~~~~~~~~~~~^~~~~
../Core/Src/main.c:212:35: warning: pointer targets in passing argument 2 of 'HAL_UART_Transmit' differ in signedness [-Wpointer-sign]
  212 |        HAL_UART_Transmit(&huart3, buf, 1, HAL_MAX_DELAY); // Send to Uart3 USB port
      |                                   ^~~
      |                                   |
      |                                   char *
In file included from ../Core/Inc/stm32f4xx_hal_conf.h:407,
                 from ../Drivers/STM32F4xx_HAL_Driver/Inc/stm32f4xx_hal.h:29,
                 from ../Core/Inc/main.h:30,
                 from ../Core/Src/main.c:20:
../Drivers/STM32F4xx_HAL_Driver/Inc/stm32f4xx_hal_uart.h:722:79: note: expected 'const uint8_t *' {aka 'const unsigned char *'} but argument is of type 'char *'
  722 | HAL_StatusTypeDef HAL_UART_Transmit(UART_HandleTypeDef *huart, const uint8_t *pData, uint16_t Size, uint32_t Timeout);
      |                                                                ~~~~~~~~~~~~~~~^~~~~
../Core/Src/main.c:214:35: warning: pointer targets in passing argument 2 of 'HAL_UART_Transmit' differ in signedness [-Wpointer-sign]
  214 |        HAL_UART_Transmit(&huart3, buf, 4, HAL_MAX_DELAY); // Send to Uart3 USB port
      |                                   ^~~
      |                                   |
      |                                   char *
In file included from ../Core/Inc/stm32f4xx_hal_conf.h:407,
                 from ../Drivers/STM32F4xx_HAL_Driver/Inc/stm32f4xx_hal.h:29,
                 from ../Core/Inc/main.h:30,
                 from ../Core/Src/main.c:20:
../Drivers/STM32F4xx_HAL_Driver/Inc/stm32f4xx_hal_uart.h:722:79: note: expected 'const uint8_t *' {aka 'const unsigned char *'} but argument is of type 'char *'
  722 | HAL_StatusTypeDef HAL_UART_Transmit(UART_HandleTypeDef *huart, const uint8_t *pData, uint16_t Size, uint32_t Timeout);
      |                                                                ~~~~~~~~~~~~~~~^~~~~
../Core/Src/main.c:217:35: warning: pointer targets in passing argument 2 of 'HAL_UART_Transmit' differ in signedness [-Wpointer-sign]
  217 |        HAL_UART_Transmit(&huart3, buf, 1, HAL_MAX_DELAY); // Send to Uart3 USB port
      |                                   ^~~
      |                                   |
      |                                   char *
In file included from ../Core/Inc/stm32f4xx_hal_conf.h:407,
                 from ../Drivers/STM32F4xx_HAL_Driver/Inc/stm32f4xx_hal.h:29,
                 from ../Core/Inc/main.h:30,
                 from ../Core/Src/main.c:20:
../Drivers/STM32F4xx_HAL_Driver/Inc/stm32f4xx_hal_uart.h:722:79: note: expected 'const uint8_t *' {aka 'const unsigned char *'} but argument is of type 'char *'
  722 | HAL_StatusTypeDef HAL_UART_Transmit(UART_HandleTypeDef *huart, const uint8_t *pData, uint16_t Size, uint32_t Timeout);
      |                                                                ~~~~~~~~~~~~~~~^~~~~
../Core/Src/main.c:219:35: warning: pointer targets in passing argument 2 of 'HAL_UART_Transmit' differ in signedness [-Wpointer-sign]
  219 |        HAL_UART_Transmit(&huart3, buf, 4, HAL_MAX_DELAY); // Send to Uart3 USB port
      |                                   ^~~
      |                                   |
      |                                   char *
In file included from ../Core/Inc/stm32f4xx_hal_conf.h:407,
                 from ../Drivers/STM32F4xx_HAL_Driver/Inc/stm32f4xx_hal.h:29,
                 from ../Core/Inc/main.h:30,
                 from ../Core/Src/main.c:20:
../Drivers/STM32F4xx_HAL_Driver/Inc/stm32f4xx_hal_uart.h:722:79: note: expected 'const uint8_t *' {aka 'const unsigned char *'} but argument is of type 'char *'
  722 | HAL_StatusTypeDef HAL_UART_Transmit(UART_HandleTypeDef *huart, const uint8_t *pData, uint16_t Size, uint32_t Timeout);
      |                                                                ~~~~~~~~~~~~~~~^~~~~
../Core/Src/main.c:220:32: warning: pointer targets in passing argument 3 of 'OLED_ShowString' differ in signedness [-Wpointer-sign]
  220 |        OLED_ShowString(40, 20, buf);
      |                                ^~~
      |                                |
      |                                char *
In file included from ../Core/Src/main.c:24:
../Core/Inc/oled.h:49:57: note: expected 'const uint8_t *' {aka 'const unsigned char *'} but argument is of type 'char *'
   49 | void OLED_ShowString(uint8_t x,uint8_t y,const uint8_t *p);
      |                                          ~~~~~~~~~~~~~~~^
../Core/Src/main.c:224:35: warning: pointer targets in passing argument 2 of 'HAL_UART_Transmit' differ in signedness [-Wpointer-sign]
  224 |        HAL_UART_Transmit(&huart3, buf, 1, HAL_MAX_DELAY); // Send to Uart3 USB port
      |                                   ^~~
      |                                   |
      |                                   char *
In file included from ../Core/Inc/stm32f4xx_hal_conf.h:407,
                 from ../Drivers/STM32F4xx_HAL_Driver/Inc/stm32f4xx_hal.h:29,
                 from ../Core/Inc/main.h:30,
                 from ../Core/Src/main.c:20:
../Drivers/STM32F4xx_HAL_Driver/Inc/stm32f4xx_hal_uart.h:722:79: note: expected 'const uint8_t *' {aka 'const unsigned char *'} but argument is of type 'char *'
  722 | HAL_StatusTypeDef HAL_UART_Transmit(UART_HandleTypeDef *huart, const uint8_t *pData, uint16_t Size, uint32_t Timeout);
      |                                                                ~~~~~~~~~~~~~~~^~~~~
../Core/Src/main.c:225:24: warning: format '%d' expects argument of type 'int', but argument 3 has type 'int32_t' {aka 'long int'} [-Wformat=]
  225 |        sprintf(buf, "%5d", error_area);
      |                      ~~^   ~~~~~~~~~~
      |                        |   |
      |                        int int32_t {aka long int}
      |                      %5ld
../Core/Src/main.c:226:35: warning: pointer targets in passing argument 2 of 'HAL_UART_Transmit' differ in signedness [-Wpointer-sign]
  226 |        HAL_UART_Transmit(&huart3, buf, 5, HAL_MAX_DELAY); // Send to Uart3 USB port
      |                                   ^~~
      |                                   |
      |                                   char *
In file included from ../Core/Inc/stm32f4xx_hal_conf.h:407,
                 from ../Drivers/STM32F4xx_HAL_Driver/Inc/stm32f4xx_hal.h:29,
                 from ../Core/Inc/main.h:30,
                 from ../Core/Src/main.c:20:
../Drivers/STM32F4xx_HAL_Driver/Inc/stm32f4xx_hal_uart.h:722:79: note: expected 'const uint8_t *' {aka 'const unsigned char *'} but argument is of type 'char *'
  722 | HAL_StatusTypeDef HAL_UART_Transmit(UART_HandleTypeDef *huart, const uint8_t *pData, uint16_t Size, uint32_t Timeout);
      |                                                                ~~~~~~~~~~~~~~~^~~~~
../Core/Src/main.c:229:35: warning: pointer targets in passing argument 2 of 'HAL_UART_Transmit' differ in signedness [-Wpointer-sign]
  229 |        HAL_UART_Transmit(&huart3, buf, 1, HAL_MAX_DELAY); // Send to Uart3 USB port
      |                                   ^~~
      |                                   |
      |                                   char *
In file included from ../Core/Inc/stm32f4xx_hal_conf.h:407,
                 from ../Drivers/STM32F4xx_HAL_Driver/Inc/stm32f4xx_hal.h:29,
                 from ../Core/Inc/main.h:30,
                 from ../Core/Src/main.c:20:
../Drivers/STM32F4xx_HAL_Driver/Inc/stm32f4xx_hal_uart.h:722:79: note: expected 'const uint8_t *' {aka 'const unsigned char *'} but argument is of type 'char *'
  722 | HAL_StatusTypeDef HAL_UART_Transmit(UART_HandleTypeDef *huart, const uint8_t *pData, uint16_t Size, uint32_t Timeout);
      |                                                                ~~~~~~~~~~~~~~~^~~~~
../Core/Src/main.c:231:35: warning: pointer targets in passing argument 2 of 'HAL_UART_Transmit' differ in signedness [-Wpointer-sign]
  231 |        HAL_UART_Transmit(&huart3, buf, 3, HAL_MAX_DELAY); // Send to Uart3 USB port
      |                                   ^~~
      |                                   |
      |                                   char *
In file included from ../Core/Inc/stm32f4xx_hal_conf.h:407,
                 from ../Drivers/STM32F4xx_HAL_Driver/Inc/stm32f4xx_hal.h:29,
                 from ../Core/Inc/main.h:30,
                 from ../Core/Src/main.c:20:
../Drivers/STM32F4xx_HAL_Driver/Inc/stm32f4xx_hal_uart.h:722:79: note: expected 'const uint8_t *' {aka 'const unsigned char *'} but argument is of type 'char *'
  722 | HAL_StatusTypeDef HAL_UART_Transmit(UART_HandleTypeDef *huart, const uint8_t *pData, uint16_t Size, uint32_t Timeout);
      |                                                                ~~~~~~~~~~~~~~~^~~~~
../Core/Src/main.c:234:35: warning: pointer targets in passing argument 2 of 'HAL_UART_Transmit' differ in signedness [-Wpointer-sign]
  234 |        HAL_UART_Transmit(&huart3, buf, 1, HAL_MAX_DELAY); // Send to Uart3 USB port
      |                                   ^~~
      |                                   |
      |                                   char *
In file included from ../Core/Inc/stm32f4xx_hal_conf.h:407,
                 from ../Drivers/STM32F4xx_HAL_Driver/Inc/stm32f4xx_hal.h:29,
                 from ../Core/Inc/main.h:30,
                 from ../Core/Src/main.c:20:
../Drivers/STM32F4xx_HAL_Driver/Inc/stm32f4xx_hal_uart.h:722:79: note: expected 'const uint8_t *' {aka 'const unsigned char *'} but argument is of type 'char *'
  722 | HAL_StatusTypeDef HAL_UART_Transmit(UART_HandleTypeDef *huart, const uint8_t *pData, uint16_t Size, uint32_t Timeout);
      |                                                                ~~~~~~~~~~~~~~~^~~~~
../Core/Src/main.c:235:24: warning: format '%d' expects argument of type 'int', but argument 3 has type 'double' [-Wformat=]
  235 |        sprintf(buf, "%3d", error_rate);
      |                      ~~^   ~~~~~~~~~~
      |                        |   |
      |                        int double
      |                      %3f
../Core/Src/main.c:236:35: warning: pointer targets in passing argument 2 of 'HAL_UART_Transmit' differ in signedness [-Wpointer-sign]
  236 |        HAL_UART_Transmit(&huart3, buf, 3, HAL_MAX_DELAY); // Send to Uart3 USB port
      |                                   ^~~
      |                                   |
      |                                   char *
In file included from ../Core/Inc/stm32f4xx_hal_conf.h:407,
                 from ../Drivers/STM32F4xx_HAL_Driver/Inc/stm32f4xx_hal.h:29,
                 from ../Core/Inc/main.h:30,
                 from ../Core/Src/main.c:20:
../Drivers/STM32F4xx_HAL_Driver/Inc/stm32f4xx_hal_uart.h:722:79: note: expected 'const uint8_t *' {aka 'const unsigned char *'} but argument is of type 'char *'
  722 | HAL_StatusTypeDef HAL_UART_Transmit(UART_HandleTypeDef *huart, const uint8_t *pData, uint16_t Size, uint32_t Timeout);
      |                                                                ~~~~~~~~~~~~~~~^~~~~
../Core/Src/main.c:241:35: warning: pointer targets in passing argument 2 of 'HAL_UART_Transmit' differ in signedness [-Wpointer-sign]
  241 |        HAL_UART_Transmit(&huart3, buf, 2, HAL_MAX_DELAY); // Send through BT @9600
      |                                   ^~~
      |                                   |
      |                                   char *
In file included from ../Core/Inc/stm32f4xx_hal_conf.h:407,
                 from ../Drivers/STM32F4xx_HAL_Driver/Inc/stm32f4xx_hal.h:29,
                 from ../Core/Inc/main.h:30,
                 from ../Core/Src/main.c:20:
../Drivers/STM32F4xx_HAL_Driver/Inc/stm32f4xx_hal_uart.h:722:79: note: expected 'const uint8_t *' {aka 'const unsigned char *'} but argument is of type 'char *'
  722 | HAL_StatusTypeDef HAL_UART_Transmit(UART_HandleTypeDef *huart, const uint8_t *pData, uint16_t Size, uint32_t Timeout);
      |                                                                ~~~~~~~~~~~~~~~^~~~~
../Core/Src/main.c: In function 'main':
../Core/Src/main.c:296:26: warning: pointer targets in passing argument 3 of 'OLED_ShowString' differ in signedness [-Wpointer-sign]
  296 |   OLED_ShowString(10, 5, "SC2104/CE3002"); // show message on OLED display at line 10)
      |                          ^~~~~~~~~~~~~~~
      |                          |
      |                          char *
In file included from ../Core/Src/main.c:24:
../Core/Inc/oled.h:49:57: note: expected 'const uint8_t *' {aka 'const unsigned char *'} but argument is of type 'char *'
   49 | void OLED_ShowString(uint8_t x,uint8_t y,const uint8_t *p);
      |                                          ~~~~~~~~~~~~~~~^
../Core/Src/main.c:298:12: warning: pointer targets in assignment from 'char *' to 'uint8_t *' {aka 'unsigned char *'} differ in signedness [-Wpointer-sign]
  298 |   oled_buf = "Lab 4"; // anther way to show message through buffer
      |            ^
../Core/Src/main.c:301:12: warning: pointer targets in assignment from 'char *' to 'uint8_t *' {aka 'unsigned char *'} differ in signedness [-Wpointer-sign]
  301 |   oled_buf = "DC Motor"; // anther way to show message through buffer
      |            ^
../Core/Src/main.c:325:25: warning: pointer targets in passing argument 3 of 'OLED_ShowString' differ in signedness [-Wpointer-sign]
  325 |   OLED_ShowString(0, 0, "Target: ");
      |                         ^~~~~~~~~~
      |                         |
      |                         char *
In file included from ../Core/Src/main.c:24:
../Core/Inc/oled.h:49:57: note: expected 'const uint8_t *' {aka 'const unsigned char *'} but argument is of type 'char *'
   49 | void OLED_ShowString(uint8_t x,uint8_t y,const uint8_t *p);
      |                                          ~~~~~~~~~~~~~~~^
../Core/Src/main.c:326:26: warning: pointer targets in passing argument 3 of 'OLED_ShowString' differ in signedness [-Wpointer-sign]
  326 |   OLED_ShowString(0, 10, "Rotated:");
      |                          ^~~~~~~~~~
      |                          |
      |                          char *
In file included from ../Core/Src/main.c:24:
../Core/Inc/oled.h:49:57: note: expected 'const uint8_t *' {aka 'const unsigned char *'} but argument is of type 'char *'
   49 | void OLED_ShowString(uint8_t x,uint8_t y,const uint8_t *p);
      |                                          ~~~~~~~~~~~~~~~^
../Core/Src/main.c:327:26: warning: pointer targets in passing argument 3 of 'OLED_ShowString' differ in signedness [-Wpointer-sign]
  327 |   OLED_ShowString(0, 20, "PWM:+");
      |                          ^~~~~~~
      |                          |
      |                          char *
In file included from ../Core/Src/main.c:24:
../Core/Inc/oled.h:49:57: note: expected 'const uint8_t *' {aka 'const unsigned char *'} but argument is of type 'char *'
   49 | void OLED_ShowString(uint8_t x,uint8_t y,const uint8_t *p);
      |                                          ~~~~~~~~~~~~~~~^
../Core/Src/main.c:328:3: warning: incompatible implicit declaration of built-in function 'sprintf'
  328 |   sprintf(buf, "%4d", target_angle);//Hall Sensor = 26 poles/13 pulses, DC motor = 20x13 = 260 pulse per revolution
      |   ^~~~~~~
../Core/Src/main.c:328:3: note: include '<stdio.h>' or provide a declaration of 'sprintf'
../Core/Src/main.c:329:26: warning: pointer targets in passing argument 3 of 'OLED_ShowString' differ in signedness [-Wpointer-sign]
  329 |   OLED_ShowString(50, 0, buf);
      |                          ^~~
      |                          |
      |                          char *
In file included from ../Core/Src/main.c:24:
../Core/Inc/oled.h:49:57: note: expected 'const uint8_t *' {aka 'const unsigned char *'} but argument is of type 'char *'
   49 | void OLED_ShowString(uint8_t x,uint8_t y,const uint8_t *p);
      |                                          ~~~~~~~~~~~~~~~^
../Core/Src/main.c:346:32: warning: pointer targets in passing argument 3 of 'OLED_ShowString' differ in signedness [-Wpointer-sign]
  346 |        OLED_ShowString(15, 40, "Press User"); // show message on OLED display at line 40)
      |                                ^~~~~~~~~~~~
      |                                |
      |                                char *
In file included from ../Core/Src/main.c:24:
../Core/Inc/oled.h:49:57: note: expected 'const uint8_t *' {aka 'const unsigned char *'} but argument is of type 'char *'
   49 | void OLED_ShowString(uint8_t x,uint8_t y,const uint8_t *p);
      |                                          ~~~~~~~~~~~~~~~^
../Core/Src/main.c:347:31: warning: pointer targets in passing argument 3 of 'OLED_ShowString' differ in signedness [-Wpointer-sign]
  347 |        OLED_ShowString(0, 50, "button to start"); // show message on OLED display at line 50)
      |                               ^~~~~~~~~~~~~~~~~
      |                               |
      |                               char *
In file included from ../Core/Src/main.c:24:
../Core/Inc/oled.h:49:57: note: expected 'const uint8_t *' {aka 'const unsigned char *'} but argument is of type 'char *'
   49 | void OLED_ShowString(uint8_t x,uint8_t y,const uint8_t *p);
      |                                          ~~~~~~~~~~~~~~~^
../Core/Src/main.c: In function 'PID_Control':
../Core/Src/main.c:196:1: warning: control reaches end of non-void function [-Wreturn-type]
  196 | }
      | ^
arm-none-eabi-gcc -o "DC Motor.elf" @"objects.list"   -mcpu=cortex-m4 -T"F:\SC2104\SC2104 lab 4\DC Motor\STM32F407VETX_FLASH.ld" --specs=nosys.specs -Wl,-Map="DC Motor.map" -Wl,--gc-sections -static --specs=nano.specs -mfpu=fpv4-sp-d16 -mfloat-abi=hard -mthumb -Wl,--start-group -lc -lm -Wl,--end-group
Finished building target: DC Motor.elf
 
arm-none-eabi-size   DC\ Motor.elf 
arm-none-eabi-objdump -h -S  DC\ Motor.elf  > "DC Motor.list"
   text	   data	    bss	    dec	    hex	filename
  27880	    124	   3068	  31072	   7960	DC Motor.elf
Finished building: default.size.stdout
 
Finished building: DC Motor.list
 

16:25:05 Build Finished. 0 errors, 39 warnings. (took 896ms)

