10:20:08 **** Build of configuration Debug for project lab2 ****
make -j16 all 
arm-none-eabi-gcc "../Drivers/STM32F4xx_HAL_Driver/Src/stm32f4xx_hal.c" -mcpu=cortex-m4 -std=gnu11 -g3 -DDEBUG -DUSE_HAL_DRIVER -DSTM32F407xx -c -I../Core/Inc -I../Drivers/STM32F4xx_HAL_Driver/Inc -I../Drivers/STM32F4xx_HAL_Driver/Inc/Legacy -I../Drivers/CMSIS/Device/ST/STM32F4xx/Include -I../Drivers/CMSIS/Include -O0 -ffunction-sections -fdata-sections -Wall -fstack-usage -MMD -MP -MF"Drivers/STM32F4xx_HAL_Driver/Src/stm32f4xx_hal.d" -MT"Drivers/STM32F4xx_HAL_Driver/Src/stm32f4xx_hal.o" --specs=nano.specs -mfpu=fpv4-sp-d16 -mfloat-abi=hard -mthumb -o "Drivers/STM32F4xx_HAL_Driver/Src/stm32f4xx_hal.o"
arm-none-eabi-gcc "../Drivers/STM32F4xx_HAL_Driver/Src/stm32f4xx_hal_cortex.c" -mcpu=cortex-m4 -std=gnu11 -g3 -DDEBUG -DUSE_HAL_DRIVER -DSTM32F407xx -c -I../Core/Inc -I../Drivers/STM32F4xx_HAL_Driver/Inc -I../Drivers/STM32F4xx_HAL_Driver/Inc/Legacy -I../Drivers/CMSIS/Device/ST/STM32F4xx/Include -I../Drivers/CMSIS/Include -O0 -ffunction-sections -fdata-sections -Wall -fstack-usage -MMD -MP -MF"Drivers/STM32F4xx_HAL_Driver/Src/stm32f4xx_hal_cortex.d" -MT"Drivers/STM32F4xx_HAL_Driver/Src/stm32f4xx_hal_cortex.o" --specs=nano.specs -mfpu=fpv4-sp-d16 -mfloat-abi=hard -mthumb -o "Drivers/STM32F4xx_HAL_Driver/Src/stm32f4xx_hal_cortex.o"
arm-none-eabi-gcc "../Drivers/STM32F4xx_HAL_Driver/Src/stm32f4xx_hal_dma.c" -mcpu=cortex-m4 -std=gnu11 -g3 -DDEBUG -DUSE_HAL_DRIVER -DSTM32F407xx -c -I../Core/Inc -I../Drivers/STM32F4xx_HAL_Driver/Inc -I../Drivers/STM32F4xx_HAL_Driver/Inc/Legacy -I../Drivers/CMSIS/Device/ST/STM32F4xx/Include -I../Drivers/CMSIS/Include -O0 -ffunction-sections -fdata-sections -Wall -fstack-usage -MMD -MP -MF"Drivers/STM32F4xx_HAL_Driver/Src/stm32f4xx_hal_dma.d" -MT"Drivers/STM32F4xx_HAL_Driver/Src/stm32f4xx_hal_dma.o" --specs=nano.specs -mfpu=fpv4-sp-d16 -mfloat-abi=hard -mthumb -o "Drivers/STM32F4xx_HAL_Driver/Src/stm32f4xx_hal_dma.o"
arm-none-eabi-gcc "../Drivers/STM32F4xx_HAL_Driver/Src/stm32f4xx_hal_dma_ex.c" -mcpu=cortex-m4 -std=gnu11 -g3 -DDEBUG -DUSE_HAL_DRIVER -DSTM32F407xx -c -I../Core/Inc -I../Drivers/STM32F4xx_HAL_Driver/Inc -I../Drivers/STM32F4xx_HAL_Driver/Inc/Legacy -I../Drivers/CMSIS/Device/ST/STM32F4xx/Include -I../Drivers/CMSIS/Include -O0 -ffunction-sections -fdata-sections -Wall -fstack-usage -MMD -MP -MF"Drivers/STM32F4xx_HAL_Driver/Src/stm32f4xx_hal_dma_ex.d" -MT"Drivers/STM32F4xx_HAL_Driver/Src/stm32f4xx_hal_dma_ex.o" --specs=nano.specs -mfpu=fpv4-sp-d16 -mfloat-abi=hard -mthumb -o "Drivers/STM32F4xx_HAL_Driver/Src/stm32f4xx_hal_dma_ex.o"
arm-none-eabi-gcc "../Drivers/STM32F4xx_HAL_Driver/Src/stm32f4xx_hal_exti.c" -mcpu=cortex-m4 -std=gnu11 -g3 -DDEBUG -DUSE_HAL_DRIVER -DSTM32F407xx -c -I../Core/Inc -I../Drivers/STM32F4xx_HAL_Driver/Inc -I../Drivers/STM32F4xx_HAL_Driver/Inc/Legacy -I../Drivers/CMSIS/Device/ST/STM32F4xx/Include -I../Drivers/CMSIS/Include -O0 -ffunction-sections -fdata-sections -Wall -fstack-usage -MMD -MP -MF"Drivers/STM32F4xx_HAL_Driver/Src/stm32f4xx_hal_exti.d" -MT"Drivers/STM32F4xx_HAL_Driver/Src/stm32f4xx_hal_exti.o" --specs=nano.specs -mfpu=fpv4-sp-d16 -mfloat-abi=hard -mthumb -o "Drivers/STM32F4xx_HAL_Driver/Src/stm32f4xx_hal_exti.o"
arm-none-eabi-gcc "../Drivers/STM32F4xx_HAL_Driver/Src/stm32f4xx_hal_flash.c" -mcpu=cortex-m4 -std=gnu11 -g3 -DDEBUG -DUSE_HAL_DRIVER -DSTM32F407xx -c -I../Core/Inc -I../Drivers/STM32F4xx_HAL_Driver/Inc -I../Drivers/STM32F4xx_HAL_Driver/Inc/Legacy -I../Drivers/CMSIS/Device/ST/STM32F4xx/Include -I../Drivers/CMSIS/Include -O0 -ffunction-sections -fdata-sections -Wall -fstack-usage -MMD -MP -MF"Drivers/STM32F4xx_HAL_Driver/Src/stm32f4xx_hal_flash.d" -MT"Drivers/STM32F4xx_HAL_Driver/Src/stm32f4xx_hal_flash.o" --specs=nano.specs -mfpu=fpv4-sp-d16 -mfloat-abi=hard -mthumb -o "Drivers/STM32F4xx_HAL_Driver/Src/stm32f4xx_hal_flash.o"
arm-none-eabi-gcc "../Drivers/STM32F4xx_HAL_Driver/Src/stm32f4xx_hal_flash_ex.c" -mcpu=cortex-m4 -std=gnu11 -g3 -DDEBUG -DUSE_HAL_DRIVER -DSTM32F407xx -c -I../Core/Inc -I../Drivers/STM32F4xx_HAL_Driver/Inc -I../Drivers/STM32F4xx_HAL_Driver/Inc/Legacy -I../Drivers/CMSIS/Device/ST/STM32F4xx/Include -I../Drivers/CMSIS/Include -O0 -ffunction-sections -fdata-sections -Wall -fstack-usage -MMD -MP -MF"Drivers/STM32F4xx_HAL_Driver/Src/stm32f4xx_hal_flash_ex.d" -MT"Drivers/STM32F4xx_HAL_Driver/Src/stm32f4xx_hal_flash_ex.o" --specs=nano.specs -mfpu=fpv4-sp-d16 -mfloat-abi=hard -mthumb -o "Drivers/STM32F4xx_HAL_Driver/Src/stm32f4xx_hal_flash_ex.o"
arm-none-eabi-gcc "../Drivers/STM32F4xx_HAL_Driver/Src/stm32f4xx_hal_flash_ramfunc.c" -mcpu=cortex-m4 -std=gnu11 -g3 -DDEBUG -DUSE_HAL_DRIVER -DSTM32F407xx -c -I../Core/Inc -I../Drivers/STM32F4xx_HAL_Driver/Inc -I../Drivers/STM32F4xx_HAL_Driver/Inc/Legacy -I../Drivers/CMSIS/Device/ST/STM32F4xx/Include -I../Drivers/CMSIS/Include -O0 -ffunction-sections -fdata-sections -Wall -fstack-usage -MMD -MP -MF"Drivers/STM32F4xx_HAL_Driver/Src/stm32f4xx_hal_flash_ramfunc.d" -MT"Drivers/STM32F4xx_HAL_Driver/Src/stm32f4xx_hal_flash_ramfunc.o" --specs=nano.specs -mfpu=fpv4-sp-d16 -mfloat-abi=hard -mthumb -o "Drivers/STM32F4xx_HAL_Driver/Src/stm32f4xx_hal_flash_ramfunc.o"
arm-none-eabi-gcc "../Drivers/STM32F4xx_HAL_Driver/Src/stm32f4xx_hal_gpio.c" -mcpu=cortex-m4 -std=gnu11 -g3 -DDEBUG -DUSE_HAL_DRIVER -DSTM32F407xx -c -I../Core/Inc -I../Drivers/STM32F4xx_HAL_Driver/Inc -I../Drivers/STM32F4xx_HAL_Driver/Inc/Legacy -I../Drivers/CMSIS/Device/ST/STM32F4xx/Include -I../Drivers/CMSIS/Include -O0 -ffunction-sections -fdata-sections -Wall -fstack-usage -MMD -MP -MF"Drivers/STM32F4xx_HAL_Driver/Src/stm32f4xx_hal_gpio.d" -MT"Drivers/STM32F4xx_HAL_Driver/Src/stm32f4xx_hal_gpio.o" --specs=nano.specs -mfpu=fpv4-sp-d16 -mfloat-abi=hard -mthumb -o "Drivers/STM32F4xx_HAL_Driver/Src/stm32f4xx_hal_gpio.o"
arm-none-eabi-gcc "../Drivers/STM32F4xx_HAL_Driver/Src/stm32f4xx_hal_i2c.c" -mcpu=cortex-m4 -std=gnu11 -g3 -DDEBUG -DUSE_HAL_DRIVER -DSTM32F407xx -c -I../Core/Inc -I../Drivers/STM32F4xx_HAL_Driver/Inc -I../Drivers/STM32F4xx_HAL_Driver/Inc/Legacy -I../Drivers/CMSIS/Device/ST/STM32F4xx/Include -I../Drivers/CMSIS/Include -O0 -ffunction-sections -fdata-sections -Wall -fstack-usage -MMD -MP -MF"Drivers/STM32F4xx_HAL_Driver/Src/stm32f4xx_hal_i2c.d" -MT"Drivers/STM32F4xx_HAL_Driver/Src/stm32f4xx_hal_i2c.o" --specs=nano.specs -mfpu=fpv4-sp-d16 -mfloat-abi=hard -mthumb -o "Drivers/STM32F4xx_HAL_Driver/Src/stm32f4xx_hal_i2c.o"
arm-none-eabi-gcc "../Drivers/STM32F4xx_HAL_Driver/Src/stm32f4xx_hal_i2c_ex.c" -mcpu=cortex-m4 -std=gnu11 -g3 -DDEBUG -DUSE_HAL_DRIVER -DSTM32F407xx -c -I../Core/Inc -I../Drivers/STM32F4xx_HAL_Driver/Inc -I../Drivers/STM32F4xx_HAL_Driver/Inc/Legacy -I../Drivers/CMSIS/Device/ST/STM32F4xx/Include -I../Drivers/CMSIS/Include -O0 -ffunction-sections -fdata-sections -Wall -fstack-usage -MMD -MP -MF"Drivers/STM32F4xx_HAL_Driver/Src/stm32f4xx_hal_i2c_ex.d" -MT"Drivers/STM32F4xx_HAL_Driver/Src/stm32f4xx_hal_i2c_ex.o" --specs=nano.specs -mfpu=fpv4-sp-d16 -mfloat-abi=hard -mthumb -o "Drivers/STM32F4xx_HAL_Driver/Src/stm32f4xx_hal_i2c_ex.o"
arm-none-eabi-gcc "../Drivers/STM32F4xx_HAL_Driver/Src/stm32f4xx_hal_pwr.c" -mcpu=cortex-m4 -std=gnu11 -g3 -DDEBUG -DUSE_HAL_DRIVER -DSTM32F407xx -c -I../Core/Inc -I../Drivers/STM32F4xx_HAL_Driver/Inc -I../Drivers/STM32F4xx_HAL_Driver/Inc/Legacy -I../Drivers/CMSIS/Device/ST/STM32F4xx/Include -I../Drivers/CMSIS/Include -O0 -ffunction-sections -fdata-sections -Wall -fstack-usage -MMD -MP -MF"Drivers/STM32F4xx_HAL_Driver/Src/stm32f4xx_hal_pwr.d" -MT"Drivers/STM32F4xx_HAL_Driver/Src/stm32f4xx_hal_pwr.o" --specs=nano.specs -mfpu=fpv4-sp-d16 -mfloat-abi=hard -mthumb -o "Drivers/STM32F4xx_HAL_Driver/Src/stm32f4xx_hal_pwr.o"
arm-none-eabi-gcc "../Drivers/STM32F4xx_HAL_Driver/Src/stm32f4xx_hal_pwr_ex.c" -mcpu=cortex-m4 -std=gnu11 -g3 -DDEBUG -DUSE_HAL_DRIVER -DSTM32F407xx -c -I../Core/Inc -I../Drivers/STM32F4xx_HAL_Driver/Inc -I../Drivers/STM32F4xx_HAL_Driver/Inc/Legacy -I../Drivers/CMSIS/Device/ST/STM32F4xx/Include -I../Drivers/CMSIS/Include -O0 -ffunction-sections -fdata-sections -Wall -fstack-usage -MMD -MP -MF"Drivers/STM32F4xx_HAL_Driver/Src/stm32f4xx_hal_pwr_ex.d" -MT"Drivers/STM32F4xx_HAL_Driver/Src/stm32f4xx_hal_pwr_ex.o" --specs=nano.specs -mfpu=fpv4-sp-d16 -mfloat-abi=hard -mthumb -o "Drivers/STM32F4xx_HAL_Driver/Src/stm32f4xx_hal_pwr_ex.o"
arm-none-eabi-gcc "../Drivers/STM32F4xx_HAL_Driver/Src/stm32f4xx_hal_rcc.c" -mcpu=cortex-m4 -std=gnu11 -g3 -DDEBUG -DUSE_HAL_DRIVER -DSTM32F407xx -c -I../Core/Inc -I../Drivers/STM32F4xx_HAL_Driver/Inc -I../Drivers/STM32F4xx_HAL_Driver/Inc/Legacy -I../Drivers/CMSIS/Device/ST/STM32F4xx/Include -I../Drivers/CMSIS/Include -O0 -ffunction-sections -fdata-sections -Wall -fstack-usage -MMD -MP -MF"Drivers/STM32F4xx_HAL_Driver/Src/stm32f4xx_hal_rcc.d" -MT"Drivers/STM32F4xx_HAL_Driver/Src/stm32f4xx_hal_rcc.o" --specs=nano.specs -mfpu=fpv4-sp-d16 -mfloat-abi=hard -mthumb -o "Drivers/STM32F4xx_HAL_Driver/Src/stm32f4xx_hal_rcc.o"
arm-none-eabi-gcc "../Drivers/STM32F4xx_HAL_Driver/Src/stm32f4xx_hal_rcc_ex.c" -mcpu=cortex-m4 -std=gnu11 -g3 -DDEBUG -DUSE_HAL_DRIVER -DSTM32F407xx -c -I../Core/Inc -I../Drivers/STM32F4xx_HAL_Driver/Inc -I../Drivers/STM32F4xx_HAL_Driver/Inc/Legacy -I../Drivers/CMSIS/Device/ST/STM32F4xx/Include -I../Drivers/CMSIS/Include -O0 -ffunction-sections -fdata-sections -Wall -fstack-usage -MMD -MP -MF"Drivers/STM32F4xx_HAL_Driver/Src/stm32f4xx_hal_rcc_ex.d" -MT"Drivers/STM32F4xx_HAL_Driver/Src/stm32f4xx_hal_rcc_ex.o" --specs=nano.specs -mfpu=fpv4-sp-d16 -mfloat-abi=hard -mthumb -o "Drivers/STM32F4xx_HAL_Driver/Src/stm32f4xx_hal_rcc_ex.o"
arm-none-eabi-gcc "../Drivers/STM32F4xx_HAL_Driver/Src/stm32f4xx_hal_tim.c" -mcpu=cortex-m4 -std=gnu11 -g3 -DDEBUG -DUSE_HAL_DRIVER -DSTM32F407xx -c -I../Core/Inc -I../Drivers/STM32F4xx_HAL_Driver/Inc -I../Drivers/STM32F4xx_HAL_Driver/Inc/Legacy -I../Drivers/CMSIS/Device/ST/STM32F4xx/Include -I../Drivers/CMSIS/Include -O0 -ffunction-sections -fdata-sections -Wall -fstack-usage -MMD -MP -MF"Drivers/STM32F4xx_HAL_Driver/Src/stm32f4xx_hal_tim.d" -MT"Drivers/STM32F4xx_HAL_Driver/Src/stm32f4xx_hal_tim.o" --specs=nano.specs -mfpu=fpv4-sp-d16 -mfloat-abi=hard -mthumb -o "Drivers/STM32F4xx_HAL_Driver/Src/stm32f4xx_hal_tim.o"
arm-none-eabi-gcc "../Drivers/STM32F4xx_HAL_Driver/Src/stm32f4xx_hal_tim_ex.c" -mcpu=cortex-m4 -std=gnu11 -g3 -DDEBUG -DUSE_HAL_DRIVER -DSTM32F407xx -c -I../Core/Inc -I../Drivers/STM32F4xx_HAL_Driver/Inc -I../Drivers/STM32F4xx_HAL_Driver/Inc/Legacy -I../Drivers/CMSIS/Device/ST/STM32F4xx/Include -I../Drivers/CMSIS/Include -O0 -ffunction-sections -fdata-sections -Wall -fstack-usage -MMD -MP -MF"Drivers/STM32F4xx_HAL_Driver/Src/stm32f4xx_hal_tim_ex.d" -MT"Drivers/STM32F4xx_HAL_Driver/Src/stm32f4xx_hal_tim_ex.o" --specs=nano.specs -mfpu=fpv4-sp-d16 -mfloat-abi=hard -mthumb -o "Drivers/STM32F4xx_HAL_Driver/Src/stm32f4xx_hal_tim_ex.o"
arm-none-eabi-gcc "../Drivers/STM32F4xx_HAL_Driver/Src/stm32f4xx_hal_uart.c" -mcpu=cortex-m4 -std=gnu11 -g3 -DDEBUG -DUSE_HAL_DRIVER -DSTM32F407xx -c -I../Core/Inc -I../Drivers/STM32F4xx_HAL_Driver/Inc -I../Drivers/STM32F4xx_HAL_Driver/Inc/Legacy -I../Drivers/CMSIS/Device/ST/STM32F4xx/Include -I../Drivers/CMSIS/Include -O0 -ffunction-sections -fdata-sections -Wall -fstack-usage -MMD -MP -MF"Drivers/STM32F4xx_HAL_Driver/Src/stm32f4xx_hal_uart.d" -MT"Drivers/STM32F4xx_HAL_Driver/Src/stm32f4xx_hal_uart.o" --specs=nano.specs -mfpu=fpv4-sp-d16 -mfloat-abi=hard -mthumb -o "Drivers/STM32F4xx_HAL_Driver/Src/stm32f4xx_hal_uart.o"
arm-none-eabi-gcc -mcpu=cortex-m4 -g3 -DDEBUG -c -x assembler-with-cpp -MMD -MP -MF"Core/Startup/startup_stm32f407vetx.d" -MT"Core/Startup/startup_stm32f407vetx.o" --specs=nano.specs -mfpu=fpv4-sp-d16 -mfloat-abi=hard -mthumb -o "Core/Startup/startup_stm32f407vetx.o" "../Core/Startup/startup_stm32f407vetx.s"
arm-none-eabi-gcc "../Core/Src/IMU.c" -mcpu=cortex-m4 -std=gnu11 -g3 -DDEBUG -DUSE_HAL_DRIVER -DSTM32F407xx -c -I../Core/Inc -I../Drivers/STM32F4xx_HAL_Driver/Inc -I../Drivers/STM32F4xx_HAL_Driver/Inc/Legacy -I../Drivers/CMSIS/Device/ST/STM32F4xx/Include -I../Drivers/CMSIS/Include -O0 -ffunction-sections -fdata-sections -Wall -fstack-usage -MMD -MP -MF"Core/Src/IMU.d" -MT"Core/Src/IMU.o" --specs=nano.specs -mfpu=fpv4-sp-d16 -mfloat-abi=hard -mthumb -o "Core/Src/IMU.o"
arm-none-eabi-gcc "../Core/Src/main.c" -mcpu=cortex-m4 -std=gnu11 -g3 -DDEBUG -DUSE_HAL_DRIVER -DSTM32F407xx -c -I../Core/Inc -I../Drivers/STM32F4xx_HAL_Driver/Inc -I../Drivers/STM32F4xx_HAL_Driver/Inc/Legacy -I../Drivers/CMSIS/Device/ST/STM32F4xx/Include -I../Drivers/CMSIS/Include -O0 -ffunction-sections -fdata-sections -Wall -fstack-usage -MMD -MP -MF"Core/Src/main.d" -MT"Core/Src/main.o" --specs=nano.specs -mfpu=fpv4-sp-d16 -mfloat-abi=hard -mthumb -o "Core/Src/main.o"
arm-none-eabi-gcc "../Core/Src/stm32f4xx_hal_msp.c" -mcpu=cortex-m4 -std=gnu11 -g3 -DDEBUG -DUSE_HAL_DRIVER -DSTM32F407xx -c -I../Core/Inc -I../Drivers/STM32F4xx_HAL_Driver/Inc -I../Drivers/STM32F4xx_HAL_Driver/Inc/Legacy -I../Drivers/CMSIS/Device/ST/STM32F4xx/Include -I../Drivers/CMSIS/Include -O0 -ffunction-sections -fdata-sections -Wall -fstack-usage -MMD -MP -MF"Core/Src/stm32f4xx_hal_msp.d" -MT"Core/Src/stm32f4xx_hal_msp.o" --specs=nano.specs -mfpu=fpv4-sp-d16 -mfloat-abi=hard -mthumb -o "Core/Src/stm32f4xx_hal_msp.o"
arm-none-eabi-gcc "../Core/Src/stm32f4xx_it.c" -mcpu=cortex-m4 -std=gnu11 -g3 -DDEBUG -DUSE_HAL_DRIVER -DSTM32F407xx -c -I../Core/Inc -I../Drivers/STM32F4xx_HAL_Driver/Inc -I../Drivers/STM32F4xx_HAL_Driver/Inc/Legacy -I../Drivers/CMSIS/Device/ST/STM32F4xx/Include -I../Drivers/CMSIS/Include -O0 -ffunction-sections -fdata-sections -Wall -fstack-usage -MMD -MP -MF"Core/Src/stm32f4xx_it.d" -MT"Core/Src/stm32f4xx_it.o" --specs=nano.specs -mfpu=fpv4-sp-d16 -mfloat-abi=hard -mthumb -o "Core/Src/stm32f4xx_it.o"
arm-none-eabi-gcc "../Core/Src/syscalls.c" -mcpu=cortex-m4 -std=gnu11 -g3 -DDEBUG -DUSE_HAL_DRIVER -DSTM32F407xx -c -I../Core/Inc -I../Drivers/STM32F4xx_HAL_Driver/Inc -I../Drivers/STM32F4xx_HAL_Driver/Inc/Legacy -I../Drivers/CMSIS/Device/ST/STM32F4xx/Include -I../Drivers/CMSIS/Include -O0 -ffunction-sections -fdata-sections -Wall -fstack-usage -MMD -MP -MF"Core/Src/syscalls.d" -MT"Core/Src/syscalls.o" --specs=nano.specs -mfpu=fpv4-sp-d16 -mfloat-abi=hard -mthumb -o "Core/Src/syscalls.o"
arm-none-eabi-gcc "../Core/Src/sysmem.c" -mcpu=cortex-m4 -std=gnu11 -g3 -DDEBUG -DUSE_HAL_DRIVER -DSTM32F407xx -c -I../Core/Inc -I../Drivers/STM32F4xx_HAL_Driver/Inc -I../Drivers/STM32F4xx_HAL_Driver/Inc/Legacy -I../Drivers/CMSIS/Device/ST/STM32F4xx/Include -I../Drivers/CMSIS/Include -O0 -ffunction-sections -fdata-sections -Wall -fstack-usage -MMD -MP -MF"Core/Src/sysmem.d" -MT"Core/Src/sysmem.o" --specs=nano.specs -mfpu=fpv4-sp-d16 -mfloat-abi=hard -mthumb -o "Core/Src/sysmem.o"
arm-none-eabi-gcc "../Core/Src/system_stm32f4xx.c" -mcpu=cortex-m4 -std=gnu11 -g3 -DDEBUG -DUSE_HAL_DRIVER -DSTM32F407xx -c -I../Core/Inc -I../Drivers/STM32F4xx_HAL_Driver/Inc -I../Drivers/STM32F4xx_HAL_Driver/Inc/Legacy -I../Drivers/CMSIS/Device/ST/STM32F4xx/Include -I../Drivers/CMSIS/Include -O0 -ffunction-sections -fdata-sections -Wall -fstack-usage -MMD -MP -MF"Core/Src/system_stm32f4xx.d" -MT"Core/Src/system_stm32f4xx.o" --specs=nano.specs -mfpu=fpv4-sp-d16 -mfloat-abi=hard -mthumb -o "Core/Src/system_stm32f4xx.o"
../Core/Src/main.c: In function 'main':
../Core/Src/main.c:95:20: warning: implicit declaration of function 'IMU_Initialise' [-Wimplicit-function-declaration]
   95 |   uint8_t status = IMU_Initialise(&imu,&hi2c1,&huart3);
      |                    ^~~~~~~~~~~~~~
../Core/Src/main.c:102:4: warning: implicit declaration of function 'IMU_AccelRead' [-Wimplicit-function-declaration]
  102 |    IMU_AccelRead(&imu);
      |    ^~~~~~~~~~~~~
../Core/Src/main.c:106:5: warning: implicit declaration of function 'sprintf' [-Wimplicit-function-declaration]
  106 |     sprintf(temp[i],"%5.2f ", imu.acc[i]);
      |     ^~~~~~~
../Core/Src/main.c:106:5: warning: incompatible implicit declaration of built-in function 'sprintf'
../Core/Src/main.c:25:1: note: include '<stdio.h>' or provide a declaration of 'sprintf'
   24 | #include "ICM20948.h"
  +++ |+#include <stdio.h>
   25 | /* USER CODE END Includes */
../Core/Src/main.c:107:35: warning: pointer targets in passing argument 2 of 'HAL_UART_Transmit' differ in signedness [-Wpointer-sign]
  107 |     HAL_UART_Transmit(&huart3,temp[i],6,HAL_MAX_DELAY);
      |                               ~~~~^~~
      |                                   |
      |                                   char *
In file included from ../Core/Inc/stm32f4xx_hal_conf.h:407,
                 from ../Drivers/STM32F4xx_HAL_Driver/Inc/stm32f4xx_hal.h:29,
                 from ../Core/Inc/main.h:30,
                 from ../Core/Src/main.c:20:
../Drivers/STM32F4xx_HAL_Driver/Inc/stm32f4xx_hal_uart.h:722:79: note: expected 'const uint8_t *' {aka 'const unsigned char *'} but argument is of type 'char *'
  722 | HAL_StatusTypeDef HAL_UART_Transmit(UART_HandleTypeDef *huart, const uint8_t *pData, uint16_t Size, uint32_t Timeout);
      |                                                                ~~~~~~~~~~~~~~~^~~~~
../Core/Src/main.c:95:11: warning: unused variable 'status' [-Wunused-variable]
   95 |   uint8_t status = IMU_Initialise(&imu,&hi2c1,&huart3);
      |           ^~~~~~
../Core/Src/IMU.c: In function 'IMU_Initialise':
../Core/Src/IMU.c:40:16: warning: function returns address of local variable [-Wreturn-local-addr]
   40 |         return &uartbuf[0];
      |                ^~~~~~~~~~~
../Core/Src/IMU.c:49:16: warning: function returns address of local variable [-Wreturn-local-addr]
   49 |         return &uartbuf[0];
      |                ^~~~~~~~~~~
../Core/Src/IMU.c:54:15: warning: pointer targets in passing argument 1 of 'strcpy' differ in signedness [-Wpointer-sign]
   54 |        strcpy(uartbuf, hex); // copy back to buf
      |               ^~~~~~~
      |               |
      |               uint8_t * {aka unsigned char *}
In file included from ../Core/Src/IMU.c:2:
c:\st\stm32cubeide_1.9.0\stm32cubeide\plugins\com.st.stm32cube.ide.mcu.externaltools.gnu-tools-for-stm32.10.3-2021.10.win32_1.0.0.202111181127\tools\arm-none-eabi\include\string.h:38:16: note: expected 'char * restrict' but argument is of type 'uint8_t *' {aka 'unsigned char *'}
   38 | char  *strcpy (char *__restrict, const char *__restrict);
      |                ^
../Core/Src/IMU.c:75:16: warning: function returns address of local variable [-Wreturn-local-addr]
   75 |         return &uartbuf[0];
      |                ^~~~~~~~~~~
../Core/Src/IMU.c:80:16: warning: function returns address of local variable [-Wreturn-local-addr]
   80 |         return &uartbuf[0];
      |                ^~~~~~~~~~~
../Core/Src/IMU.c:86:16: warning: function returns address of local variable [-Wreturn-local-addr]
   86 |         return &uartbuf[0];
      |                ^~~~~~~~~~~
../Core/Src/IMU.c:95:16: warning: function returns address of local variable [-Wreturn-local-addr]
   95 |         return &uartbuf[0];
      |                ^~~~~~~~~~~
../Core/Src/IMU.c:102:16: warning: function returns address of local variable [-Wreturn-local-addr]
  102 |         return &uartbuf[0];
      |                ^~~~~~~~~~~
../Core/Src/IMU.c:113:16: warning: function returns address of local variable [-Wreturn-local-addr]
  113 |         return &uartbuf[0];
      |                ^~~~~~~~~~~
../Core/Src/IMU.c:118:16: warning: function returns address of local variable [-Wreturn-local-addr]
  118 |         return &uartbuf[0];
      |                ^~~~~~~~~~~
../Core/Src/IMU.c:123:16: warning: function returns address of local variable [-Wreturn-local-addr]
  123 |         return &uartbuf[0];
      |                ^~~~~~~~~~~
../Core/Src/IMU.c:130:16: warning: function returns address of local variable [-Wreturn-local-addr]
  130 |         return &uartbuf[0];
      |                ^~~~~~~~~~~
../Core/Src/IMU.c:137:16: warning: function returns address of local variable [-Wreturn-local-addr]
  137 |         return &uartbuf[0];
      |                ^~~~~~~~~~~
../Core/Src/IMU.c:148:16: warning: function returns address of local variable [-Wreturn-local-addr]
  148 |         return &uartbuf[0];
      |                ^~~~~~~~~~~
../Core/Src/IMU.c: In function 'IMU_TempRead':
../Core/Src/IMU.c:179:13: warning: unused variable 'tempC' [-Wunused-variable]
  179 |     int32_t tempC;// temperature in deg C, with sensitivity 333.87.   Offset value 0 = 21 deg C
      |             ^~~~~
../Core/Src/IMU.c: In function 'Gyro_calibrate':
../Core/Src/IMU.c:251:42: warning: suggest parentheses around arithmetic in operand of '|' [-Wparentheses]
  251 |      gyroRaw[1] = (u8Buf[1]<<8)|u8Buf[0] + gyroRaw[1];
      |                                 ~~~~~~~~~^~~~~~~~~~~~
../Core/Src/IMU.c:255:42: warning: suggest parentheses around arithmetic in operand of '|' [-Wparentheses]
  255 |      gyroRaw[2] = (u8Buf[1]<<8)|u8Buf[0] + gyroRaw[2];
      |                                 ~~~~~~~~~^~~~~~~~~~~~
../Core/Src/IMU.c: In function 'IMU_GyroRead':
../Core/Src/IMU.c:278:41: warning: suggest parentheses around arithmetic in operand of '|' [-Wparentheses]
  278 |     gyroRaw[1] = (u8Buf[1]<<8)|u8Buf[0] -  gyro_offset[1];
      |                                ~~~~~~~~~^~~~~~~~~~~~~~~~~
../Core/Src/IMU.c:284:41: warning: suggest parentheses around arithmetic in operand of '|' [-Wparentheses]
  284 |     gyroRaw[2] = (u8Buf[1]<<8)|u8Buf[0] -  gyro_offset[2];
      |                                ~~~~~~~~~^~~~~~~~~~~~~~~~~
../Core/Src/IMU.c:291:41: warning: suggest parentheses around arithmetic in operand of '|' [-Wparentheses]
  291 |     gyroRaw[0] = (u8Buf[1]<<8)|u8Buf[0] - gyro_offset[0];
      |                                ~~~~~~~~~^~~~~~~~~~~~~~~~
../Core/Src/IMU.c:273:13: warning: variable 'temp' set but not used [-Wunused-but-set-variable]
  273 |     int16_t temp;
      |             ^~~~
../Core/Src/IMU.c:272:13: warning: variable 'gyroDiff' set but not used [-Wunused-but-set-variable]
  272 |     int16_t gyroDiff[3];
      |             ^~~~~~~~
../Core/Src/IMU.c: In function 'IMU_TempRead':
../Core/Src/IMU.c:185:1: warning: control reaches end of non-void function [-Wreturn-type]
  185 | }
      | ^
arm-none-eabi-gcc -o "lab2.elf" @"objects.list"   -mcpu=cortex-m4 -T"C:\Users\chan1017\Desktop\SC2104 lab 2\lab 2\lab2\STM32F407VETX_FLASH.ld" --specs=nosys.specs -Wl,-Map="lab2.map" -Wl,--gc-sections -static -u _printf_float --specs=nano.specs -mfpu=fpv4-sp-d16 -mfloat-abi=hard -mthumb -Wl,--start-group -lc -lm -Wl,--end-group
Finished building target: lab2.elf
 
arm-none-eabi-size   lab2.elf 
arm-none-eabi-objdump -h -S  lab2.elf  > "lab2.list"
   text	   data	    bss	    dec	    hex	filename
  29844	    484	   1788	  32116	   7d74	lab2.elf
Finished building: default.size.stdout
 
Finished building: lab2.list
 
10:20:40 **** Incremental Build of configuration Debug for project lab2 ****
make -j16 all 
arm-none-eabi-size   lab2.elf 
   text	   data	    bss	    dec	    hex	filename
  29844	    484	   1788	  32116	   7d74	lab2.elf
Finished building: default.size.stdout
 
10:22:16 **** Incremental Build of configuration Debug for project lab2 ****
make -j16 all 
arm-none-eabi-gcc "../Core/Src/main.c" -mcpu=cortex-m4 -std=gnu11 -g3 -DDEBUG -DUSE_HAL_DRIVER -DSTM32F407xx -c -I../Core/Inc -I../Drivers/STM32F4xx_HAL_Driver/Inc -I../Drivers/STM32F4xx_HAL_Driver/Inc/Legacy -I../Drivers/CMSIS/Device/ST/STM32F4xx/Include -I../Drivers/CMSIS/Include -O0 -ffunction-sections -fdata-sections -Wall -fstack-usage -MMD -MP -MF"Core/Src/main.d" -MT"Core/Src/main.o" --specs=nano.specs -mfpu=fpv4-sp-d16 -mfloat-abi=hard -mthumb -o "Core/Src/main.o"
../Core/Src/main.c: In function 'main':
../Core/Src/main.c:95:20: warning: implicit declaration of function 'IMU_Initialise' [-Wimplicit-function-declaration]
   95 |   uint8_t status = IMU_Initialise(&imu,&hi2c1,&huart3);
      |                    ^~~~~~~~~~~~~~
../Core/Src/main.c:102:4: warning: implicit declaration of function 'IMU_AccelRead' [-Wimplicit-function-declaration]
  102 |    IMU_AccelRead(&imu);
      |    ^~~~~~~~~~~~~
../Core/Src/main.c:106:5: warning: implicit declaration of function 'sprintf' [-Wimplicit-function-declaration]
  106 |     sprintf(temp[i],"%5.2f ", imu.acc[i]);
      |     ^~~~~~~
../Core/Src/main.c:106:5: warning: incompatible implicit declaration of built-in function 'sprintf'
../Core/Src/main.c:25:1: note: include '<stdio.h>' or provide a declaration of 'sprintf'
   24 | #include "ICM20948.h"
  +++ |+#include <stdio.h>
   25 | /* USER CODE END Includes */
../Core/Src/main.c:107:35: warning: pointer targets in passing argument 2 of 'HAL_UART_Transmit' differ in signedness [-Wpointer-sign]
  107 |     HAL_UART_Transmit(&huart3,temp[i],8,HAL_MAX_DELAY);
      |                               ~~~~^~~
      |                                   |
      |                                   char *
In file included from ../Core/Inc/stm32f4xx_hal_conf.h:407,
                 from ../Drivers/STM32F4xx_HAL_Driver/Inc/stm32f4xx_hal.h:29,
                 from ../Core/Inc/main.h:30,
                 from ../Core/Src/main.c:20:
../Drivers/STM32F4xx_HAL_Driver/Inc/stm32f4xx_hal_uart.h:722:79: note: expected 'const uint8_t *' {aka 'const unsigned char *'} but argument is of type 'char *'
  722 | HAL_StatusTypeDef HAL_UART_Transmit(UART_HandleTypeDef *huart, const uint8_t *pData, uint16_t Size, uint32_t Timeout);
      |                                                                ~~~~~~~~~~~~~~~^~~~~
../Core/Src/main.c:95:11: warning: unused variable 'status' [-Wunused-variable]
   95 |   uint8_t status = IMU_Initialise(&imu,&hi2c1,&huart3);
      |           ^~~~~~
arm-none-eabi-gcc -o "lab2.elf" @"objects.list"   -mcpu=cortex-m4 -T"C:\Users\chan1017\Desktop\SC2104 lab 2\lab 2\lab2\STM32F407VETX_FLASH.ld" --specs=nosys.specs -Wl,-Map="lab2.map" -Wl,--gc-sections -static -u _printf_float --specs=nano.specs -mfpu=fpv4-sp-d16 -mfloat-abi=hard -mthumb -Wl,--start-group -lc -lm -Wl,--end-group
Finished building target: lab2.elf
 
arm-none-eabi-size   lab2.elf 
arm-none-eabi-objdump -h -S  lab2.elf  > "lab2.list"
   text	   data	    bss	    dec	    hex	filename
  29844	    484	   1788	  32116	   7d74	lab2.elf
Finished building: default.size.stdout
 
Finished building: lab2.list
 
10:22:27 **** Incremental Build of configuration Debug for project lab2 ****
make -j16 all 
arm-none-eabi-size   lab2.elf 
   text	   data	    bss	    dec	    hex	filename
  29844	    484	   1788	  32116	   7d74	lab2.elf
Finished building: default.size.stdout
 
10:24:56 **** Incremental Build of configuration Debug for project lab2 ****
make -j16 all 
arm-none-eabi-gcc "../Core/Src/main.c" -mcpu=cortex-m4 -std=gnu11 -g3 -DDEBUG -DUSE_HAL_DRIVER -DSTM32F407xx -c -I../Core/Inc -I../Drivers/STM32F4xx_HAL_Driver/Inc -I../Drivers/STM32F4xx_HAL_Driver/Inc/Legacy -I../Drivers/CMSIS/Device/ST/STM32F4xx/Include -I../Drivers/CMSIS/Include -O0 -ffunction-sections -fdata-sections -Wall -fstack-usage -MMD -MP -MF"Core/Src/main.d" -MT"Core/Src/main.o" --specs=nano.specs -mfpu=fpv4-sp-d16 -mfloat-abi=hard -mthumb -o "Core/Src/main.o"
../Core/Src/main.c: In function 'main':
../Core/Src/main.c:95:20: warning: implicit declaration of function 'IMU_Initialise' [-Wimplicit-function-declaration]
   95 |   uint8_t status = IMU_Initialise(&imu,&hi2c1,&huart3);
      |                    ^~~~~~~~~~~~~~
../Core/Src/main.c:102:4: warning: implicit declaration of function 'IMU_AccelRead' [-Wimplicit-function-declaration]
  102 |    IMU_AccelRead(&imu);
      |    ^~~~~~~~~~~~~
../Core/Src/main.c:106:5: warning: implicit declaration of function 'sprintf' [-Wimplicit-function-declaration]
  106 |     sprintf(temp[i],"%5.2f ", imu.acc[i]);
      |     ^~~~~~~
../Core/Src/main.c:106:5: warning: incompatible implicit declaration of built-in function 'sprintf'
../Core/Src/main.c:25:1: note: include '<stdio.h>' or provide a declaration of 'sprintf'
   24 | #include "ICM20948.h"
  +++ |+#include <stdio.h>
   25 | /* USER CODE END Includes */
../Core/Src/main.c:107:35: warning: pointer targets in passing argument 2 of 'HAL_UART_Transmit' differ in signedness [-Wpointer-sign]
  107 |     HAL_UART_Transmit(&huart3,temp[i],9,HAL_MAX_DELAY);
      |                               ~~~~^~~
      |                                   |
      |                                   char *
In file included from ../Core/Inc/stm32f4xx_hal_conf.h:407,
                 from ../Drivers/STM32F4xx_HAL_Driver/Inc/stm32f4xx_hal.h:29,
                 from ../Core/Inc/main.h:30,
                 from ../Core/Src/main.c:20:
../Drivers/STM32F4xx_HAL_Driver/Inc/stm32f4xx_hal_uart.h:722:79: note: expected 'const uint8_t *' {aka 'const unsigned char *'} but argument is of type 'char *'
  722 | HAL_StatusTypeDef HAL_UART_Transmit(UART_HandleTypeDef *huart, const uint8_t *pData, uint16_t Size, uint32_t Timeout);
      |                                                                ~~~~~~~~~~~~~~~^~~~~
../Core/Src/main.c:95:11: warning: unused variable 'status' [-Wunused-variable]
   95 |   uint8_t status = IMU_Initialise(&imu,&hi2c1,&huart3);
      |           ^~~~~~
arm-none-eabi-gcc -o "lab2.elf" @"objects.list"   -mcpu=cortex-m4 -T"C:\Users\chan1017\Desktop\SC2104 lab 2\lab 2\lab2\STM32F407VETX_FLASH.ld" --specs=nosys.specs -Wl,-Map="lab2.map" -Wl,--gc-sections -static -u _printf_float --specs=nano.specs -mfpu=fpv4-sp-d16 -mfloat-abi=hard -mthumb -Wl,--start-group -lc -lm -Wl,--end-group
Finished building target: lab2.elf
 
arm-none-eabi-size   lab2.elf 
arm-none-eabi-objdump -h -S  lab2.elf  > "lab2.list"
   text	   data	    bss	    dec	    hex	filename
  29844	    484	   1788	  32116	   7d74	lab2.elf
Finished building: default.size.stdout
 
Finished building: lab2.list
 
10:25:01 **** Incremental Build of configuration Debug for project lab2 ****
make -j16 all 
arm-none-eabi-size   lab2.elf 
   text	   data	    bss	    dec	    hex	filename
  29844	    484	   1788	  32116	   7d74	lab2.elf
Finished building: default.size.stdout
 
10:28:59 **** Incremental Build of configuration Debug for project lab2 ****
make -j16 all 
arm-none-eabi-size   lab2.elf 
   text	   data	    bss	    dec	    hex	filename
  29844	    484	   1788	  32116	   7d74	lab2.elf
Finished building: default.size.stdout
 
10:32:33 **** Incremental Build of configuration Debug for project lab2 ****
make -j16 all 
arm-none-eabi-gcc "../Core/Src/main.c" -mcpu=cortex-m4 -std=gnu11 -g3 -DDEBUG -DUSE_HAL_DRIVER -DSTM32F407xx -c -I../Core/Inc -I../Drivers/STM32F4xx_HAL_Driver/Inc -I../Drivers/STM32F4xx_HAL_Driver/Inc/Legacy -I../Drivers/CMSIS/Device/ST/STM32F4xx/Include -I../Drivers/CMSIS/Include -O0 -ffunction-sections -fdata-sections -Wall -fstack-usage -MMD -MP -MF"Core/Src/main.d" -MT"Core/Src/main.o" --specs=nano.specs -mfpu=fpv4-sp-d16 -mfloat-abi=hard -mthumb -o "Core/Src/main.o"
../Core/Src/main.c: In function 'main':
../Core/Src/main.c:95:20: warning: implicit declaration of function 'IMU_Initialise' [-Wimplicit-function-declaration]
   95 |   uint8_t status = IMU_Initialise(&imu,&hi2c1,&huart3);
      |                    ^~~~~~~~~~~~~~
../Core/Src/main.c:102:4: warning: implicit declaration of function 'IMU_AccelRead' [-Wimplicit-function-declaration]
  102 |    IMU_AccelRead(&imu);
      |    ^~~~~~~~~~~~~
../Core/Src/main.c:103:4: warning: implicit declaration of function 'IMU_GyroRead'; did you mean 'IMU_TempRead'? [-Wimplicit-function-declaration]
  103 |    IMU_GyroRead(&imu);
      |    ^~~~~~~~~~~~
      |    IMU_TempRead
../Core/Src/main.c:107:5: warning: implicit declaration of function 'sprintf' [-Wimplicit-function-declaration]
  107 |     sprintf(temp[i],"%5.2f ", imu.acc[i]);
      |     ^~~~~~~
../Core/Src/main.c:107:5: warning: incompatible implicit declaration of built-in function 'sprintf'
../Core/Src/main.c:25:1: note: include '<stdio.h>' or provide a declaration of 'sprintf'
   24 | #include "ICM20948.h"
  +++ |+#include <stdio.h>
   25 | /* USER CODE END Includes */
../Core/Src/main.c:108:35: warning: pointer targets in passing argument 2 of 'HAL_UART_Transmit' differ in signedness [-Wpointer-sign]
  108 |     HAL_UART_Transmit(&huart3,temp[i],9,HAL_MAX_DELAY);
      |                               ~~~~^~~
      |                                   |
      |                                   char *
In file included from ../Core/Inc/stm32f4xx_hal_conf.h:407,
                 from ../Drivers/STM32F4xx_HAL_Driver/Inc/stm32f4xx_hal.h:29,
                 from ../Core/Inc/main.h:30,
                 from ../Core/Src/main.c:20:
../Drivers/STM32F4xx_HAL_Driver/Inc/stm32f4xx_hal_uart.h:722:79: note: expected 'const uint8_t *' {aka 'const unsigned char *'} but argument is of type 'char *'
  722 | HAL_StatusTypeDef HAL_UART_Transmit(UART_HandleTypeDef *huart, const uint8_t *pData, uint16_t Size, uint32_t Timeout);
      |                                                                ~~~~~~~~~~~~~~~^~~~~
../Core/Src/main.c:95:11: warning: unused variable 'status' [-Wunused-variable]
   95 |   uint8_t status = IMU_Initialise(&imu,&hi2c1,&huart3);
      |           ^~~~~~
arm-none-eabi-gcc -o "lab2.elf" @"objects.list"   -mcpu=cortex-m4 -T"C:\Users\chan1017\Desktop\SC2104 lab 2\lab 2\lab2\STM32F407VETX_FLASH.ld" --specs=nosys.specs -Wl,-Map="lab2.map" -Wl,--gc-sections -static -u _printf_float --specs=nano.specs -mfpu=fpv4-sp-d16 -mfloat-abi=hard -mthumb -Wl,--start-group -lc -lm -Wl,--end-group
Finished building target: lab2.elf
 
arm-none-eabi-size   lab2.elf 
arm-none-eabi-objdump -h -S  lab2.elf  > "lab2.list"
   text	   data	    bss	    dec	    hex	filename
  30660	    484	   1796	  32940	   80ac	lab2.elf
Finished building: default.size.stdout
 
Finished building: lab2.list
 
10:33:57 **** Incremental Build of configuration Debug for project lab2 ****
make -j16 all 
arm-none-eabi-size   lab2.elf 
   text	   data	    bss	    dec	    hex	filename
  30660	    484	   1796	  32940	   80ac	lab2.elf
Finished building: default.size.stdout
 
10:35:28 **** Incremental Build of configuration Debug for project lab2 ****
make -j16 all 
arm-none-eabi-gcc "../Core/Src/main.c" -mcpu=cortex-m4 -std=gnu11 -g3 -DDEBUG -DUSE_HAL_DRIVER -DSTM32F407xx -c -I../Core/Inc -I../Drivers/STM32F4xx_HAL_Driver/Inc -I../Drivers/STM32F4xx_HAL_Driver/Inc/Legacy -I../Drivers/CMSIS/Device/ST/STM32F4xx/Include -I../Drivers/CMSIS/Include -O0 -ffunction-sections -fdata-sections -Wall -fstack-usage -MMD -MP -MF"Core/Src/main.d" -MT"Core/Src/main.o" --specs=nano.specs -mfpu=fpv4-sp-d16 -mfloat-abi=hard -mthumb -o "Core/Src/main.o"
../Core/Src/main.c: In function 'main':
../Core/Src/main.c:95:20: warning: implicit declaration of function 'IMU_Initialise' [-Wimplicit-function-declaration]
   95 |   uint8_t status = IMU_Initialise(&imu,&hi2c1,&huart3);
      |                    ^~~~~~~~~~~~~~
../Core/Src/main.c:102:4: warning: implicit declaration of function 'IMU_AccelRead' [-Wimplicit-function-declaration]
  102 |    IMU_AccelRead(&imu);
      |    ^~~~~~~~~~~~~
../Core/Src/main.c:103:4: warning: implicit declaration of function 'IMU_GyroRead'; did you mean 'IMU_TempRead'? [-Wimplicit-function-declaration]
  103 |    IMU_GyroRead(&imu);
      |    ^~~~~~~~~~~~
      |    IMU_TempRead
../Core/Src/main.c:107:5: warning: implicit declaration of function 'sprintf' [-Wimplicit-function-declaration]
  107 |     sprintf(temp[i],"%5.2f ", imu.acc[i]);
      |     ^~~~~~~
../Core/Src/main.c:107:5: warning: incompatible implicit declaration of built-in function 'sprintf'
../Core/Src/main.c:25:1: note: include '<stdio.h>' or provide a declaration of 'sprintf'
   24 | #include "ICM20948.h"
  +++ |+#include <stdio.h>
   25 | /* USER CODE END Includes */
../Core/Src/main.c:107:17: warning: passing argument 1 of 'sprintf' makes pointer from integer without a cast [-Wint-conversion]
  107 |     sprintf(temp[i],"%5.2f ", imu.acc[i]);
      |             ~~~~^~~
      |                 |
      |                 char
../Core/Src/main.c:107:17: note: expected 'char *' but argument is of type 'char'
../Core/Src/main.c:108:35: warning: passing argument 2 of 'HAL_UART_Transmit' makes pointer from integer without a cast [-Wint-conversion]
  108 |     HAL_UART_Transmit(&huart3,temp[i],6,HAL_MAX_DELAY);
      |                               ~~~~^~~
      |                                   |
      |                                   char
In file included from ../Core/Inc/stm32f4xx_hal_conf.h:407,
                 from ../Drivers/STM32F4xx_HAL_Driver/Inc/stm32f4xx_hal.h:29,
                 from ../Core/Inc/main.h:30,
                 from ../Core/Src/main.c:20:
../Drivers/STM32F4xx_HAL_Driver/Inc/stm32f4xx_hal_uart.h:722:79: note: expected 'const uint8_t *' {aka 'const unsigned char *'} but argument is of type 'char'
  722 | HAL_StatusTypeDef HAL_UART_Transmit(UART_HandleTypeDef *huart, const uint8_t *pData, uint16_t Size, uint32_t Timeout);
      |                                                                ~~~~~~~~~~~~~~~^~~~~
../Core/Src/main.c:95:11: warning: unused variable 'status' [-Wunused-variable]
   95 |   uint8_t status = IMU_Initialise(&imu,&hi2c1,&huart3);
      |           ^~~~~~
arm-none-eabi-gcc -o "lab2.elf" @"objects.list"   -mcpu=cortex-m4 -T"C:\Users\chan1017\Desktop\SC2104 lab 2\lab 2\lab2\STM32F407VETX_FLASH.ld" --specs=nosys.specs -Wl,-Map="lab2.map" -Wl,--gc-sections -static -u _printf_float --specs=nano.specs -mfpu=fpv4-sp-d16 -mfloat-abi=hard -mthumb -Wl,--start-group -lc -lm -Wl,--end-group
Finished building target: lab2.elf
 
arm-none-eabi-size   lab2.elf 
arm-none-eabi-objdump -h -S  lab2.elf  > "lab2.list"
   text	   data	    bss	    dec	    hex	filename
  30652	    484	   1796	  32932	   80a4	lab2.elf
Finished building: default.size.stdout
 
Finished building: lab2.list
 
10:35:32 **** Incremental Build of configuration Debug for project lab2 ****
make -j16 all 
arm-none-eabi-size   lab2.elf 
   text	   data	    bss	    dec	    hex	filename
  30652	    484	   1796	  32932	   80a4	lab2.elf
Finished building: default.size.stdout
 
10:38:33 **** Incremental Build of configuration Debug for project lab2 ****
make -j16 all 
arm-none-eabi-gcc "../Core/Src/main.c" -mcpu=cortex-m4 -std=gnu11 -g3 -DDEBUG -DUSE_HAL_DRIVER -DSTM32F407xx -c -I../Core/Inc -I../Drivers/STM32F4xx_HAL_Driver/Inc -I../Drivers/STM32F4xx_HAL_Driver/Inc/Legacy -I../Drivers/CMSIS/Device/ST/STM32F4xx/Include -I../Drivers/CMSIS/Include -O0 -ffunction-sections -fdata-sections -Wall -fstack-usage -MMD -MP -MF"Core/Src/main.d" -MT"Core/Src/main.o" --specs=nano.specs -mfpu=fpv4-sp-d16 -mfloat-abi=hard -mthumb -o "Core/Src/main.o"
../Core/Src/main.c: In function 'main':
../Core/Src/main.c:95:20: warning: implicit declaration of function 'IMU_Initialise' [-Wimplicit-function-declaration]
   95 |   uint8_t status = IMU_Initialise(&imu,&hi2c1,&huart3);
      |                    ^~~~~~~~~~~~~~
../Core/Src/main.c:102:4: warning: implicit declaration of function 'IMU_AccelRead' [-Wimplicit-function-declaration]
  102 |    IMU_AccelRead(&imu);
      |    ^~~~~~~~~~~~~
../Core/Src/main.c:103:4: warning: implicit declaration of function 'IMU_GyroRead'; did you mean 'IMU_TempRead'? [-Wimplicit-function-declaration]
  103 |    IMU_GyroRead(&imu);
      |    ^~~~~~~~~~~~
      |    IMU_TempRead
../Core/Src/main.c:107:5: warning: implicit declaration of function 'sprintf' [-Wimplicit-function-declaration]
  107 |     sprintf(temp[i],"%5.2f ", imu.acc[i]);
      |     ^~~~~~~
../Core/Src/main.c:107:5: warning: incompatible implicit declaration of built-in function 'sprintf'
../Core/Src/main.c:25:1: note: include '<stdio.h>' or provide a declaration of 'sprintf'
   24 | #include "ICM20948.h"
  +++ |+#include <stdio.h>
   25 | /* USER CODE END Includes */
../Core/Src/main.c:108:35: warning: pointer targets in passing argument 2 of 'HAL_UART_Transmit' differ in signedness [-Wpointer-sign]
  108 |     HAL_UART_Transmit(&huart3,temp[i],5,HAL_MAX_DELAY);
      |                               ~~~~^~~
      |                                   |
      |                                   char *
In file included from ../Core/Inc/stm32f4xx_hal_conf.h:407,
                 from ../Drivers/STM32F4xx_HAL_Driver/Inc/stm32f4xx_hal.h:29,
                 from ../Core/Inc/main.h:30,
                 from ../Core/Src/main.c:20:
../Drivers/STM32F4xx_HAL_Driver/Inc/stm32f4xx_hal_uart.h:722:79: note: expected 'const uint8_t *' {aka 'const unsigned char *'} but argument is of type 'char *'
  722 | HAL_StatusTypeDef HAL_UART_Transmit(UART_HandleTypeDef *huart, const uint8_t *pData, uint16_t Size, uint32_t Timeout);
      |                                                                ~~~~~~~~~~~~~~~^~~~~
../Core/Src/main.c:95:11: warning: unused variable 'status' [-Wunused-variable]
   95 |   uint8_t status = IMU_Initialise(&imu,&hi2c1,&huart3);
      |           ^~~~~~
arm-none-eabi-gcc -o "lab2.elf" @"objects.list"   -mcpu=cortex-m4 -T"C:\Users\chan1017\Desktop\SC2104 lab 2\lab 2\lab2\STM32F407VETX_FLASH.ld" --specs=nosys.specs -Wl,-Map="lab2.map" -Wl,--gc-sections -static -u _printf_float --specs=nano.specs -mfpu=fpv4-sp-d16 -mfloat-abi=hard -mthumb -Wl,--start-group -lc -lm -Wl,--end-group
Finished building target: lab2.elf
 
arm-none-eabi-size   lab2.elf 
arm-none-eabi-objdump -h -S  lab2.elf  > "lab2.list"
   text	   data	    bss	    dec	    hex	filename
  30660	    484	   1796	  32940	   80ac	lab2.elf
Finished building: default.size.stdout
 
Finished building: lab2.list
 
10:38:38 **** Incremental Build of configuration Debug for project lab2 ****
make -j16 all 
arm-none-eabi-size   lab2.elf 
   text	   data	    bss	    dec	    hex	filename
  30660	    484	   1796	  32940	   80ac	lab2.elf
Finished building: default.size.stdout
 
10:40:44 **** Incremental Build of configuration Debug for project lab2 ****
make -j16 all 
arm-none-eabi-gcc "../Core/Src/main.c" -mcpu=cortex-m4 -std=gnu11 -g3 -DDEBUG -DUSE_HAL_DRIVER -DSTM32F407xx -c -I../Core/Inc -I../Drivers/STM32F4xx_HAL_Driver/Inc -I../Drivers/STM32F4xx_HAL_Driver/Inc/Legacy -I../Drivers/CMSIS/Device/ST/STM32F4xx/Include -I../Drivers/CMSIS/Include -O0 -ffunction-sections -fdata-sections -Wall -fstack-usage -MMD -MP -MF"Core/Src/main.d" -MT"Core/Src/main.o" --specs=nano.specs -mfpu=fpv4-sp-d16 -mfloat-abi=hard -mthumb -o "Core/Src/main.o"
../Core/Src/main.c: In function 'main':
../Core/Src/main.c:95:20: warning: implicit declaration of function 'IMU_Initialise' [-Wimplicit-function-declaration]
   95 |   uint8_t status = IMU_Initialise(&imu,&hi2c1,&huart3);
      |                    ^~~~~~~~~~~~~~
../Core/Src/main.c:103:4: warning: implicit declaration of function 'IMU_AccelRead' [-Wimplicit-function-declaration]
  103 |    IMU_AccelRead(&imu);
      |    ^~~~~~~~~~~~~
../Core/Src/main.c:104:4: warning: implicit declaration of function 'IMU_GyroRead'; did you mean 'IMU_TempRead'? [-Wimplicit-function-declaration]
  104 |    IMU_GyroRead(&imu);
      |    ^~~~~~~~~~~~
      |    IMU_TempRead
../Core/Src/main.c:108:5: warning: implicit declaration of function 'sprintf' [-Wimplicit-function-declaration]
  108 |     sprintf(temp[i],"%5.2f ", imu.acc[i]);
      |     ^~~~~~~
../Core/Src/main.c:108:5: warning: incompatible implicit declaration of built-in function 'sprintf'
../Core/Src/main.c:25:1: note: include '<stdio.h>' or provide a declaration of 'sprintf'
   24 | #include "ICM20948.h"
  +++ |+#include <stdio.h>
   25 | /* USER CODE END Includes */
../Core/Src/main.c:95:11: warning: unused variable 'status' [-Wunused-variable]
   95 |   uint8_t status = IMU_Initialise(&imu,&hi2c1,&huart3);
      |           ^~~~~~
arm-none-eabi-gcc -o "lab2.elf" @"objects.list"   -mcpu=cortex-m4 -T"C:\Users\chan1017\Desktop\SC2104 lab 2\lab 2\lab2\STM32F407VETX_FLASH.ld" --specs=nosys.specs -Wl,-Map="lab2.map" -Wl,--gc-sections -static -u _printf_float --specs=nano.specs -mfpu=fpv4-sp-d16 -mfloat-abi=hard -mthumb -Wl,--start-group -lc -lm -Wl,--end-group
Finished building target: lab2.elf
 
arm-none-eabi-size   lab2.elf 
arm-none-eabi-objdump -h -S  lab2.elf  > "lab2.list"
   text	   data	    bss	    dec	    hex	filename
  30684	    484	   1796	  32964	   80c4	lab2.elf
Finished building: default.size.stdout
 
Finished building: lab2.list
 
10:40:48 **** Incremental Build of configuration Debug for project lab2 ****
make -j16 all 
arm-none-eabi-size   lab2.elf 
   text	   data	    bss	    dec	    hex	filename
  30684	    484	   1796	  32964	   80c4	lab2.elf
Finished building: default.size.stdout
 
10:43:58 **** Incremental Build of configuration Debug for project lab2 ****
make -j16 all 
arm-none-eabi-gcc "../Core/Src/main.c" -mcpu=cortex-m4 -std=gnu11 -g3 -DDEBUG -DUSE_HAL_DRIVER -DSTM32F407xx -c -I../Core/Inc -I../Drivers/STM32F4xx_HAL_Driver/Inc -I../Drivers/STM32F4xx_HAL_Driver/Inc/Legacy -I../Drivers/CMSIS/Device/ST/STM32F4xx/Include -I../Drivers/CMSIS/Include -O0 -ffunction-sections -fdata-sections -Wall -fstack-usage -MMD -MP -MF"Core/Src/main.d" -MT"Core/Src/main.o" --specs=nano.specs -mfpu=fpv4-sp-d16 -mfloat-abi=hard -mthumb -o "Core/Src/main.o"
../Core/Src/main.c: In function 'main':
../Core/Src/main.c:95:20: warning: implicit declaration of function 'IMU_Initialise' [-Wimplicit-function-declaration]
   95 |   uint8_t status = IMU_Initialise(&imu,&hi2c1,&huart3);
      |                    ^~~~~~~~~~~~~~
../Core/Src/main.c:102:4: warning: implicit declaration of function 'IMU_AccelRead' [-Wimplicit-function-declaration]
  102 |    IMU_AccelRead(&imu);
      |    ^~~~~~~~~~~~~
../Core/Src/main.c:103:4: warning: implicit declaration of function 'IMU_GyroRead'; did you mean 'IMU_TempRead'? [-Wimplicit-function-declaration]
  103 |    IMU_GyroRead(&imu);
      |    ^~~~~~~~~~~~
      |    IMU_TempRead
../Core/Src/main.c:107:5: warning: implicit declaration of function 'sprintf' [-Wimplicit-function-declaration]
  107 |     sprintf(temp[i],"%5.2f ", imu.acc[i]);
      |     ^~~~~~~
../Core/Src/main.c:107:5: warning: incompatible implicit declaration of built-in function 'sprintf'
../Core/Src/main.c:25:1: note: include '<stdio.h>' or provide a declaration of 'sprintf'
   24 | #include "ICM20948.h"
  +++ |+#include <stdio.h>
   25 | /* USER CODE END Includes */
../Core/Src/main.c:108:35: warning: pointer targets in passing argument 2 of 'HAL_UART_Transmit' differ in signedness [-Wpointer-sign]
  108 |     HAL_UART_Transmit(&huart3,temp[i],6,HAL_MAX_DELAY);
      |                               ~~~~^~~
      |                                   |
      |                                   char *
In file included from ../Core/Inc/stm32f4xx_hal_conf.h:407,
                 from ../Drivers/STM32F4xx_HAL_Driver/Inc/stm32f4xx_hal.h:29,
                 from ../Core/Inc/main.h:30,
                 from ../Core/Src/main.c:20:
../Drivers/STM32F4xx_HAL_Driver/Inc/stm32f4xx_hal_uart.h:722:79: note: expected 'const uint8_t *' {aka 'const unsigned char *'} but argument is of type 'char *'
  722 | HAL_StatusTypeDef HAL_UART_Transmit(UART_HandleTypeDef *huart, const uint8_t *pData, uint16_t Size, uint32_t Timeout);
      |                                                                ~~~~~~~~~~~~~~~^~~~~
../Core/Src/main.c:95:11: warning: unused variable 'status' [-Wunused-variable]
   95 |   uint8_t status = IMU_Initialise(&imu,&hi2c1,&huart3);
      |           ^~~~~~
arm-none-eabi-gcc -o "lab2.elf" @"objects.list"   -mcpu=cortex-m4 -T"C:\Users\chan1017\Desktop\SC2104 lab 2\lab 2\lab2\STM32F407VETX_FLASH.ld" --specs=nosys.specs -Wl,-Map="lab2.map" -Wl,--gc-sections -static -u _printf_float --specs=nano.specs -mfpu=fpv4-sp-d16 -mfloat-abi=hard -mthumb -Wl,--start-group -lc -lm -Wl,--end-group
Finished building target: lab2.elf
 
arm-none-eabi-size   lab2.elf 
arm-none-eabi-objdump -h -S  lab2.elf  > "lab2.list"
   text	   data	    bss	    dec	    hex	filename
  30660	    484	   1796	  32940	   80ac	lab2.elf
Finished building: default.size.stdout
 
Finished building: lab2.list
 
10:44:04 **** Incremental Build of configuration Debug for project lab2 ****
make -j16 all 
arm-none-eabi-size   lab2.elf 
   text	   data	    bss	    dec	    hex	filename
  30660	    484	   1796	  32940	   80ac	lab2.elf
Finished building: default.size.stdout
 
10:47:14 **** Incremental Build of configuration Debug for project lab2 ****
make -j16 all 
arm-none-eabi-gcc "../Core/Src/main.c" -mcpu=cortex-m4 -std=gnu11 -g3 -DDEBUG -DUSE_HAL_DRIVER -DSTM32F407xx -c -I../Core/Inc -I../Drivers/STM32F4xx_HAL_Driver/Inc -I../Drivers/STM32F4xx_HAL_Driver/Inc/Legacy -I../Drivers/CMSIS/Device/ST/STM32F4xx/Include -I../Drivers/CMSIS/Include -O0 -ffunction-sections -fdata-sections -Wall -fstack-usage -MMD -MP -MF"Core/Src/main.d" -MT"Core/Src/main.o" --specs=nano.specs -mfpu=fpv4-sp-d16 -mfloat-abi=hard -mthumb -o "Core/Src/main.o"
../Core/Src/main.c: In function 'main':
../Core/Src/main.c:95:20: warning: implicit declaration of function 'IMU_Initialise' [-Wimplicit-function-declaration]
   95 |   uint8_t status = IMU_Initialise(&imu,&hi2c1,&huart3);
      |                    ^~~~~~~~~~~~~~
../Core/Src/main.c:106:4: warning: implicit declaration of function 'IMU_AccelRead' [-Wimplicit-function-declaration]
  106 |    IMU_AccelRead(&imu);
      |    ^~~~~~~~~~~~~
../Core/Src/main.c:107:4: warning: implicit declaration of function 'IMU_GyroRead'; did you mean 'IMU_TempRead'? [-Wimplicit-function-declaration]
  107 |    IMU_GyroRead(&imu);
      |    ^~~~~~~~~~~~
      |    IMU_TempRead
../Core/Src/main.c:111:5: warning: implicit declaration of function 'sprintf' [-Wimplicit-function-declaration]
  111 |     sprintf(temp[i],"%5.2f ", imu.acc[i]);
      |     ^~~~~~~
../Core/Src/main.c:111:5: warning: incompatible implicit declaration of built-in function 'sprintf'
../Core/Src/main.c:25:1: note: include '<stdio.h>' or provide a declaration of 'sprintf'
   24 | #include "ICM20948.h"
  +++ |+#include <stdio.h>
   25 | /* USER CODE END Includes */
../Core/Src/main.c:112:35: warning: pointer targets in passing argument 2 of 'HAL_UART_Transmit' differ in signedness [-Wpointer-sign]
  112 |     HAL_UART_Transmit(&huart3,temp[i],6,HAL_MAX_DELAY);
      |                               ~~~~^~~
      |                                   |
      |                                   char *
In file included from ../Core/Inc/stm32f4xx_hal_conf.h:407,
                 from ../Drivers/STM32F4xx_HAL_Driver/Inc/stm32f4xx_hal.h:29,
                 from ../Core/Inc/main.h:30,
                 from ../Core/Src/main.c:20:
../Drivers/STM32F4xx_HAL_Driver/Inc/stm32f4xx_hal_uart.h:722:79: note: expected 'const uint8_t *' {aka 'const unsigned char *'} but argument is of type 'char *'
  722 | HAL_StatusTypeDef HAL_UART_Transmit(UART_HandleTypeDef *huart, const uint8_t *pData, uint16_t Size, uint32_t Timeout);
      |                                                                ~~~~~~~~~~~~~~~^~~~~
../Core/Src/main.c:95:11: warning: unused variable 'status' [-Wunused-variable]
   95 |   uint8_t status = IMU_Initialise(&imu,&hi2c1,&huart3);
      |           ^~~~~~
arm-none-eabi-gcc -o "lab2.elf" @"objects.list"   -mcpu=cortex-m4 -T"C:\Users\chan1017\Desktop\SC2104 lab 2\lab 2\lab2\STM32F407VETX_FLASH.ld" --specs=nosys.specs -Wl,-Map="lab2.map" -Wl,--gc-sections -static -u _printf_float --specs=nano.specs -mfpu=fpv4-sp-d16 -mfloat-abi=hard -mthumb -Wl,--start-group -lc -lm -Wl,--end-group
Finished building target: lab2.elf
 
arm-none-eabi-size   lab2.elf 
arm-none-eabi-objdump -h -S  lab2.elf  > "lab2.list"
   text	   data	    bss	    dec	    hex	filename
  30660	    484	   1796	  32940	   80ac	lab2.elf
Finished building: default.size.stdout
 
Finished building: lab2.list
 
10:47:20 **** Incremental Build of configuration Debug for project lab2 ****
make -j16 all 
arm-none-eabi-size   lab2.elf 
   text	   data	    bss	    dec	    hex	filename
  30660	    484	   1796	  32940	   80ac	lab2.elf
Finished building: default.size.stdout
 
10:49:23 **** Incremental Build of configuration Debug for project lab2 ****
make -j16 all 
arm-none-eabi-size   lab2.elf 
   text	   data	    bss	    dec	    hex	filename
  30660	    484	   1796	  32940	   80ac	lab2.elf
Finished building: default.size.stdout
 
10:49:39 **** Incremental Build of configuration Debug for project lab2 ****
make -j16 all 
arm-none-eabi-size   lab2.elf 
   text	   data	    bss	    dec	    hex	filename
  30660	    484	   1796	  32940	   80ac	lab2.elf
Finished building: default.size.stdout
 
10:56:52 **** Incremental Build of configuration Debug for project lab2 ****
make -j16 all 
arm-none-eabi-gcc "../Core/Src/main.c" -mcpu=cortex-m4 -std=gnu11 -g3 -DDEBUG -DUSE_HAL_DRIVER -DSTM32F407xx -c -I../Core/Inc -I../Drivers/STM32F4xx_HAL_Driver/Inc -I../Drivers/STM32F4xx_HAL_Driver/Inc/Legacy -I../Drivers/CMSIS/Device/ST/STM32F4xx/Include -I../Drivers/CMSIS/Include -O0 -ffunction-sections -fdata-sections -Wall -fstack-usage -MMD -MP -MF"Core/Src/main.d" -MT"Core/Src/main.o" --specs=nano.specs -mfpu=fpv4-sp-d16 -mfloat-abi=hard -mthumb -o "Core/Src/main.o"
../Core/Src/main.c: In function 'main':
../Core/Src/main.c:96:20: warning: implicit declaration of function 'IMU_Initialise' [-Wimplicit-function-declaration]
   96 |   uint8_t status = IMU_Initialise(&imu,&hi2c1,&huart3);
      |                    ^~~~~~~~~~~~~~
../Core/Src/main.c:107:4: warning: implicit declaration of function 'IMU_AccelRead' [-Wimplicit-function-declaration]
  107 |    IMU_AccelRead(&imu);
      |    ^~~~~~~~~~~~~
../Core/Src/main.c:108:4: warning: implicit declaration of function 'IMU_GyroRead'; did you mean 'IMU_TempRead'? [-Wimplicit-function-declaration]
  108 |    IMU_GyroRead(&imu);
      |    ^~~~~~~~~~~~
      |    IMU_TempRead
../Core/Src/main.c:119:4: warning: implicit declaration of function 'sprintf' [-Wimplicit-function-declaration]
  119 |    sprintf(output[0],"%5.2f ", pitch);
      |    ^~~~~~~
../Core/Src/main.c:119:4: warning: incompatible implicit declaration of built-in function 'sprintf'
../Core/Src/main.c:26:1: note: include '<stdio.h>' or provide a declaration of 'sprintf'
   25 | #include <math.h>
  +++ |+#include <stdio.h>
   26 | /* USER CODE END Includes */
../Core/Src/main.c:121:36: warning: pointer targets in passing argument 2 of 'HAL_UART_Transmit' differ in signedness [-Wpointer-sign]
  121 |    HAL_UART_Transmit(&huart3,output[0],6,HAL_MAX_DELAY);
      |                              ~~~~~~^~~
      |                                    |
      |                                    char *
In file included from ../Core/Inc/stm32f4xx_hal_conf.h:407,
                 from ../Drivers/STM32F4xx_HAL_Driver/Inc/stm32f4xx_hal.h:29,
                 from ../Core/Inc/main.h:30,
                 from ../Core/Src/main.c:20:
../Drivers/STM32F4xx_HAL_Driver/Inc/stm32f4xx_hal_uart.h:722:79: note: expected 'const uint8_t *' {aka 'const unsigned char *'} but argument is of type 'char *'
  722 | HAL_StatusTypeDef HAL_UART_Transmit(UART_HandleTypeDef *huart, const uint8_t *pData, uint16_t Size, uint32_t Timeout);
      |                                                                ~~~~~~~~~~~~~~~^~~~~
../Core/Src/main.c:122:36: warning: pointer targets in passing argument 2 of 'HAL_UART_Transmit' differ in signedness [-Wpointer-sign]
  122 |    HAL_UART_Transmit(&huart3,output[1],6,HAL_MAX_DELAY);
      |                              ~~~~~~^~~
      |                                    |
      |                                    char *
In file included from ../Core/Inc/stm32f4xx_hal_conf.h:407,
                 from ../Drivers/STM32F4xx_HAL_Driver/Inc/stm32f4xx_hal.h:29,
                 from ../Core/Inc/main.h:30,
                 from ../Core/Src/main.c:20:
../Drivers/STM32F4xx_HAL_Driver/Inc/stm32f4xx_hal_uart.h:722:79: note: expected 'const uint8_t *' {aka 'const unsigned char *'} but argument is of type 'char *'
  722 | HAL_StatusTypeDef HAL_UART_Transmit(UART_HandleTypeDef *huart, const uint8_t *pData, uint16_t Size, uint32_t Timeout);
      |                                                                ~~~~~~~~~~~~~~~^~~~~
../Core/Src/main.c:96:11: warning: unused variable 'status' [-Wunused-variable]
   96 |   uint8_t status = IMU_Initialise(&imu,&hi2c1,&huart3);
      |           ^~~~~~
arm-none-eabi-gcc -o "lab2.elf" @"objects.list"   -mcpu=cortex-m4 -T"C:\Users\chan1017\Desktop\SC2104 lab 2\lab 2\lab2\STM32F407VETX_FLASH.ld" --specs=nosys.specs -Wl,-Map="lab2.map" -Wl,--gc-sections -static -u _printf_float --specs=nano.specs -mfpu=fpv4-sp-d16 -mfloat-abi=hard -mthumb -Wl,--start-group -lc -lm -Wl,--end-group
Finished building target: lab2.elf
 
arm-none-eabi-size   lab2.elf 
arm-none-eabi-objdump -h -S  lab2.elf  > "lab2.list"
   text	   data	    bss	    dec	    hex	filename
  31660	    484	   1796	  33940	   8494	lab2.elf
Finished building: default.size.stdout
 
Finished building: lab2.list
 
10:57:06 **** Incremental Build of configuration Debug for project lab2 ****
make -j16 all 
arm-none-eabi-size   lab2.elf 
   text	   data	    bss	    dec	    hex	filename
  31660	    484	   1796	  33940	   8494	lab2.elf
Finished building: default.size.stdout
 
10:57:48 **** Incremental Build of configuration Debug for project lab2 ****
make -j16 all 
arm-none-eabi-gcc "../Core/Src/main.c" -mcpu=cortex-m4 -std=gnu11 -g3 -DDEBUG -DUSE_HAL_DRIVER -DSTM32F407xx -c -I../Core/Inc -I../Drivers/STM32F4xx_HAL_Driver/Inc -I../Drivers/STM32F4xx_HAL_Driver/Inc/Legacy -I../Drivers/CMSIS/Device/ST/STM32F4xx/Include -I../Drivers/CMSIS/Include -O0 -ffunction-sections -fdata-sections -Wall -fstack-usage -MMD -MP -MF"Core/Src/main.d" -MT"Core/Src/main.o" --specs=nano.specs -mfpu=fpv4-sp-d16 -mfloat-abi=hard -mthumb -o "Core/Src/main.o"
../Core/Src/main.c: In function 'main':
../Core/Src/main.c:96:20: warning: implicit declaration of function 'IMU_Initialise' [-Wimplicit-function-declaration]
   96 |   uint8_t status = IMU_Initialise(&imu,&hi2c1,&huart3);
      |                    ^~~~~~~~~~~~~~
../Core/Src/main.c:107:4: warning: implicit declaration of function 'IMU_AccelRead' [-Wimplicit-function-declaration]
  107 |    IMU_AccelRead(&imu);
      |    ^~~~~~~~~~~~~
../Core/Src/main.c:108:4: warning: implicit declaration of function 'IMU_GyroRead'; did you mean 'IMU_TempRead'? [-Wimplicit-function-declaration]
  108 |    IMU_GyroRead(&imu);
      |    ^~~~~~~~~~~~
      |    IMU_TempRead
../Core/Src/main.c:119:4: warning: implicit declaration of function 'sprintf' [-Wimplicit-function-declaration]
  119 |    sprintf(output[0],"%5.2f ", pitch);
      |    ^~~~~~~
../Core/Src/main.c:119:4: warning: incompatible implicit declaration of built-in function 'sprintf'
../Core/Src/main.c:26:1: note: include '<stdio.h>' or provide a declaration of 'sprintf'
   25 | #include <math.h>
  +++ |+#include <stdio.h>
   26 | /* USER CODE END Includes */
../Core/Src/main.c:121:30: warning: passing argument 2 of 'HAL_UART_Transmit' from incompatible pointer type [-Wincompatible-pointer-types]
  121 |    HAL_UART_Transmit(&huart3,output,sizeof(output),HAL_MAX_DELAY);
      |                              ^~~~~~
      |                              |
      |                              char (*)[9]
In file included from ../Core/Inc/stm32f4xx_hal_conf.h:407,
                 from ../Drivers/STM32F4xx_HAL_Driver/Inc/stm32f4xx_hal.h:29,
                 from ../Core/Inc/main.h:30,
                 from ../Core/Src/main.c:20:
../Drivers/STM32F4xx_HAL_Driver/Inc/stm32f4xx_hal_uart.h:722:79: note: expected 'const uint8_t *' {aka 'const unsigned char *'} but argument is of type 'char (*)[9]'
  722 | HAL_StatusTypeDef HAL_UART_Transmit(UART_HandleTypeDef *huart, const uint8_t *pData, uint16_t Size, uint32_t Timeout);
      |                                                                ~~~~~~~~~~~~~~~^~~~~
../Core/Src/main.c:96:11: warning: unused variable 'status' [-Wunused-variable]
   96 |   uint8_t status = IMU_Initialise(&imu,&hi2c1,&huart3);
      |           ^~~~~~
arm-none-eabi-gcc -o "lab2.elf" @"objects.list"   -mcpu=cortex-m4 -T"C:\Users\chan1017\Desktop\SC2104 lab 2\lab 2\lab2\STM32F407VETX_FLASH.ld" --specs=nosys.specs -Wl,-Map="lab2.map" -Wl,--gc-sections -static -u _printf_float --specs=nano.specs -mfpu=fpv4-sp-d16 -mfloat-abi=hard -mthumb -Wl,--start-group -lc -lm -Wl,--end-group
Finished building target: lab2.elf
 
arm-none-eabi-size   lab2.elf 
arm-none-eabi-objdump -h -S  lab2.elf  > "lab2.list"
   text	   data	    bss	    dec	    hex	filename
  31644	    484	   1796	  33924	   8484	lab2.elf
Finished building: default.size.stdout
 
Finished building: lab2.list
 
10:57:52 **** Incremental Build of configuration Debug for project lab2 ****
make -j16 all 
arm-none-eabi-size   lab2.elf 
   text	   data	    bss	    dec	    hex	filename
  31644	    484	   1796	  33924	   8484	lab2.elf
Finished building: default.size.stdout
 
10:59:22 **** Incremental Build of configuration Debug for project lab2 ****
make -j16 all 
arm-none-eabi-gcc "../Core/Src/main.c" -mcpu=cortex-m4 -std=gnu11 -g3 -DDEBUG -DUSE_HAL_DRIVER -DSTM32F407xx -c -I../Core/Inc -I../Drivers/STM32F4xx_HAL_Driver/Inc -I../Drivers/STM32F4xx_HAL_Driver/Inc/Legacy -I../Drivers/CMSIS/Device/ST/STM32F4xx/Include -I../Drivers/CMSIS/Include -O0 -ffunction-sections -fdata-sections -Wall -fstack-usage -MMD -MP -MF"Core/Src/main.d" -MT"Core/Src/main.o" --specs=nano.specs -mfpu=fpv4-sp-d16 -mfloat-abi=hard -mthumb -o "Core/Src/main.o"
../Core/Src/main.c: In function 'main':
../Core/Src/main.c:96:20: warning: implicit declaration of function 'IMU_Initialise' [-Wimplicit-function-declaration]
   96 |   uint8_t status = IMU_Initialise(&imu,&hi2c1,&huart3);
      |                    ^~~~~~~~~~~~~~
../Core/Src/main.c:107:4: warning: implicit declaration of function 'IMU_AccelRead' [-Wimplicit-function-declaration]
  107 |    IMU_AccelRead(&imu);
      |    ^~~~~~~~~~~~~
../Core/Src/main.c:108:4: warning: implicit declaration of function 'IMU_GyroRead'; did you mean 'IMU_TempRead'? [-Wimplicit-function-declaration]
  108 |    IMU_GyroRead(&imu);
      |    ^~~~~~~~~~~~
      |    IMU_TempRead
../Core/Src/main.c:119:4: warning: implicit declaration of function 'sprintf' [-Wimplicit-function-declaration]
  119 |    sprintf(final_p,"%5.2f ", pitch);
      |    ^~~~~~~
../Core/Src/main.c:119:4: warning: incompatible implicit declaration of built-in function 'sprintf'
../Core/Src/main.c:26:1: note: include '<stdio.h>' or provide a declaration of 'sprintf'
   25 | #include <math.h>
  +++ |+#include <stdio.h>
   26 | /* USER CODE END Includes */
../Core/Src/main.c:119:12: warning: passing argument 1 of 'sprintf' makes pointer from integer without a cast [-Wint-conversion]
  119 |    sprintf(final_p,"%5.2f ", pitch);
      |            ^~~~~~~
      |            |
      |            char
../Core/Src/main.c:119:12: note: expected 'char *' but argument is of type 'char'
../Core/Src/main.c:120:12: warning: passing argument 1 of 'sprintf' makes pointer from integer without a cast [-Wint-conversion]
  120 |    sprintf(final_r,"%5.2f ", roll);
      |            ^~~~~~~
      |            |
      |            char
../Core/Src/main.c:120:12: note: expected 'char *' but argument is of type 'char'
../Core/Src/main.c:121:30: warning: passing argument 2 of 'HAL_UART_Transmit' makes pointer from integer without a cast [-Wint-conversion]
  121 |    HAL_UART_Transmit(&huart3,final_p,sizeof(final_p),HAL_MAX_DELAY);
      |                              ^~~~~~~
      |                              |
      |                              char
In file included from ../Core/Inc/stm32f4xx_hal_conf.h:407,
                 from ../Drivers/STM32F4xx_HAL_Driver/Inc/stm32f4xx_hal.h:29,
                 from ../Core/Inc/main.h:30,
                 from ../Core/Src/main.c:20:
../Drivers/STM32F4xx_HAL_Driver/Inc/stm32f4xx_hal_uart.h:722:79: note: expected 'const uint8_t *' {aka 'const unsigned char *'} but argument is of type 'char'
  722 | HAL_StatusTypeDef HAL_UART_Transmit(UART_HandleTypeDef *huart, const uint8_t *pData, uint16_t Size, uint32_t Timeout);
      |                                                                ~~~~~~~~~~~~~~~^~~~~
../Core/Src/main.c:122:30: warning: passing argument 2 of 'HAL_UART_Transmit' makes pointer from integer without a cast [-Wint-conversion]
  122 |    HAL_UART_Transmit(&huart3,final_r,sizeof(final_r),HAL_MAX_DELAY);
      |                              ^~~~~~~
      |                              |
      |                              char
In file included from ../Core/Inc/stm32f4xx_hal_conf.h:407,
                 from ../Drivers/STM32F4xx_HAL_Driver/Inc/stm32f4xx_hal.h:29,
                 from ../Core/Inc/main.h:30,
                 from ../Core/Src/main.c:20:
../Drivers/STM32F4xx_HAL_Driver/Inc/stm32f4xx_hal_uart.h:722:79: note: expected 'const uint8_t *' {aka 'const unsigned char *'} but argument is of type 'char'
  722 | HAL_StatusTypeDef HAL_UART_Transmit(UART_HandleTypeDef *huart, const uint8_t *pData, uint16_t Size, uint32_t Timeout);
      |                                                                ~~~~~~~~~~~~~~~^~~~~
../Core/Src/main.c:96:11: warning: unused variable 'status' [-Wunused-variable]
   96 |   uint8_t status = IMU_Initialise(&imu,&hi2c1,&huart3);
      |           ^~~~~~
../Core/Src/main.c:119:4: warning: 'final_p' is used uninitialized in this function [-Wuninitialized]
  119 |    sprintf(final_p,"%5.2f ", pitch);
      |    ^~~~~~~~~~~~~~~~~~~~~~~~~~~~~~~~
../Core/Src/main.c:120:4: warning: 'final_r' is used uninitialized in this function [-Wuninitialized]
  120 |    sprintf(final_r,"%5.2f ", roll);
      |    ^~~~~~~~~~~~~~~~~~~~~~~~~~~~~~~
arm-none-eabi-gcc -o "lab2.elf" @"objects.list"   -mcpu=cortex-m4 -T"C:\Users\chan1017\Desktop\SC2104 lab 2\lab 2\lab2\STM32F407VETX_FLASH.ld" --specs=nosys.specs -Wl,-Map="lab2.map" -Wl,--gc-sections -static -u _printf_float --specs=nano.specs -mfpu=fpv4-sp-d16 -mfloat-abi=hard -mthumb -Wl,--start-group -lc -lm -Wl,--end-group
Finished building target: lab2.elf
 
arm-none-eabi-size   lab2.elf 
arm-none-eabi-objdump -h -S  lab2.elf  > "lab2.list"
   text	   data	    bss	    dec	    hex	filename
  31660	    484	   1796	  33940	   8494	lab2.elf
Finished building: default.size.stdout
 
Finished building: lab2.list
 
10:59:26 **** Incremental Build of configuration Debug for project lab2 ****
make -j16 all 
arm-none-eabi-size   lab2.elf 
   text	   data	    bss	    dec	    hex	filename
  31660	    484	   1796	  33940	   8494	lab2.elf
Finished building: default.size.stdout
 
11:00:12 **** Incremental Build of configuration Debug for project lab2 ****
make -j16 all 
arm-none-eabi-gcc "../Core/Src/main.c" -mcpu=cortex-m4 -std=gnu11 -g3 -DDEBUG -DUSE_HAL_DRIVER -DSTM32F407xx -c -I../Core/Inc -I../Drivers/STM32F4xx_HAL_Driver/Inc -I../Drivers/STM32F4xx_HAL_Driver/Inc/Legacy -I../Drivers/CMSIS/Device/ST/STM32F4xx/Include -I../Drivers/CMSIS/Include -O0 -ffunction-sections -fdata-sections -Wall -fstack-usage -MMD -MP -MF"Core/Src/main.d" -MT"Core/Src/main.o" --specs=nano.specs -mfpu=fpv4-sp-d16 -mfloat-abi=hard -mthumb -o "Core/Src/main.o"
../Core/Src/main.c: In function 'main':
../Core/Src/main.c:96:20: warning: implicit declaration of function 'IMU_Initialise' [-Wimplicit-function-declaration]
   96 |   uint8_t status = IMU_Initialise(&imu,&hi2c1,&huart3);
      |                    ^~~~~~~~~~~~~~
../Core/Src/main.c:107:4: warning: implicit declaration of function 'IMU_AccelRead' [-Wimplicit-function-declaration]
  107 |    IMU_AccelRead(&imu);
      |    ^~~~~~~~~~~~~
../Core/Src/main.c:108:4: warning: implicit declaration of function 'IMU_GyroRead'; did you mean 'IMU_TempRead'? [-Wimplicit-function-declaration]
  108 |    IMU_GyroRead(&imu);
      |    ^~~~~~~~~~~~
      |    IMU_TempRead
../Core/Src/main.c:119:4: warning: implicit declaration of function 'sprintf' [-Wimplicit-function-declaration]
  119 |    sprintf(final_p,"%5.2f ", pitch);
      |    ^~~~~~~
../Core/Src/main.c:119:4: warning: incompatible implicit declaration of built-in function 'sprintf'
../Core/Src/main.c:26:1: note: include '<stdio.h>' or provide a declaration of 'sprintf'
   25 | #include <math.h>
  +++ |+#include <stdio.h>
   26 | /* USER CODE END Includes */
../Core/Src/main.c:119:12: warning: passing argument 1 of 'sprintf' makes pointer from integer without a cast [-Wint-conversion]
  119 |    sprintf(final_p,"%5.2f ", pitch);
      |            ^~~~~~~
      |            |
      |            char
../Core/Src/main.c:119:12: note: expected 'char *' but argument is of type 'char'
../Core/Src/main.c:120:12: warning: passing argument 1 of 'sprintf' makes pointer from integer without a cast [-Wint-conversion]
  120 |    sprintf(final_r,"%5.2f ", roll);
      |            ^~~~~~~
      |            |
      |            char
../Core/Src/main.c:120:12: note: expected 'char *' but argument is of type 'char'
../Core/Src/main.c:121:30: warning: passing argument 2 of 'HAL_UART_Transmit' makes pointer from integer without a cast [-Wint-conversion]
  121 |    HAL_UART_Transmit(&huart3,final_p,6,HAL_MAX_DELAY);
      |                              ^~~~~~~
      |                              |
      |                              char
In file included from ../Core/Inc/stm32f4xx_hal_conf.h:407,
                 from ../Drivers/STM32F4xx_HAL_Driver/Inc/stm32f4xx_hal.h:29,
                 from ../Core/Inc/main.h:30,
                 from ../Core/Src/main.c:20:
../Drivers/STM32F4xx_HAL_Driver/Inc/stm32f4xx_hal_uart.h:722:79: note: expected 'const uint8_t *' {aka 'const unsigned char *'} but argument is of type 'char'
  722 | HAL_StatusTypeDef HAL_UART_Transmit(UART_HandleTypeDef *huart, const uint8_t *pData, uint16_t Size, uint32_t Timeout);
      |                                                                ~~~~~~~~~~~~~~~^~~~~
../Core/Src/main.c:122:30: warning: passing argument 2 of 'HAL_UART_Transmit' makes pointer from integer without a cast [-Wint-conversion]
  122 |    HAL_UART_Transmit(&huart3,final_r,6,HAL_MAX_DELAY);
      |                              ^~~~~~~
      |                              |
      |                              char
In file included from ../Core/Inc/stm32f4xx_hal_conf.h:407,
                 from ../Drivers/STM32F4xx_HAL_Driver/Inc/stm32f4xx_hal.h:29,
                 from ../Core/Inc/main.h:30,
                 from ../Core/Src/main.c:20:
../Drivers/STM32F4xx_HAL_Driver/Inc/stm32f4xx_hal_uart.h:722:79: note: expected 'const uint8_t *' {aka 'const unsigned char *'} but argument is of type 'char'
  722 | HAL_StatusTypeDef HAL_UART_Transmit(UART_HandleTypeDef *huart, const uint8_t *pData, uint16_t Size, uint32_t Timeout);
      |                                                                ~~~~~~~~~~~~~~~^~~~~
../Core/Src/main.c:96:11: warning: unused variable 'status' [-Wunused-variable]
   96 |   uint8_t status = IMU_Initialise(&imu,&hi2c1,&huart3);
      |           ^~~~~~
../Core/Src/main.c:119:4: warning: 'final_p' is used uninitialized in this function [-Wuninitialized]
  119 |    sprintf(final_p,"%5.2f ", pitch);
      |    ^~~~~~~~~~~~~~~~~~~~~~~~~~~~~~~~
../Core/Src/main.c:120:4: warning: 'final_r' is used uninitialized in this function [-Wuninitialized]
  120 |    sprintf(final_r,"%5.2f ", roll);
      |    ^~~~~~~~~~~~~~~~~~~~~~~~~~~~~~~
arm-none-eabi-gcc -o "lab2.elf" @"objects.list"   -mcpu=cortex-m4 -T"C:\Users\chan1017\Desktop\SC2104 lab 2\lab 2\lab2\STM32F407VETX_FLASH.ld" --specs=nosys.specs -Wl,-Map="lab2.map" -Wl,--gc-sections -static -u _printf_float --specs=nano.specs -mfpu=fpv4-sp-d16 -mfloat-abi=hard -mthumb -Wl,--start-group -lc -lm -Wl,--end-group
Finished building target: lab2.elf
 
arm-none-eabi-size   lab2.elf 
arm-none-eabi-objdump -h -S  lab2.elf  > "lab2.list"
   text	   data	    bss	    dec	    hex	filename
  31660	    484	   1796	  33940	   8494	lab2.elf
Finished building: default.size.stdout
 
Finished building: lab2.list
 
11:00:17 **** Incremental Build of configuration Debug for project lab2 ****
make -j16 all 
arm-none-eabi-size   lab2.elf 
   text	   data	    bss	    dec	    hex	filename
  31660	    484	   1796	  33940	   8494	lab2.elf
Finished building: default.size.stdout
 
11:01:36 **** Incremental Build of configuration Debug for project lab2 ****
make -j16 all 
arm-none-eabi-gcc "../Core/Src/main.c" -mcpu=cortex-m4 -std=gnu11 -g3 -DDEBUG -DUSE_HAL_DRIVER -DSTM32F407xx -c -I../Core/Inc -I../Drivers/STM32F4xx_HAL_Driver/Inc -I../Drivers/STM32F4xx_HAL_Driver/Inc/Legacy -I../Drivers/CMSIS/Device/ST/STM32F4xx/Include -I../Drivers/CMSIS/Include -O0 -ffunction-sections -fdata-sections -Wall -fstack-usage -MMD -MP -MF"Core/Src/main.d" -MT"Core/Src/main.o" --specs=nano.specs -mfpu=fpv4-sp-d16 -mfloat-abi=hard -mthumb -o "Core/Src/main.o"
../Core/Src/main.c: In function 'main':
../Core/Src/main.c:96:20: warning: implicit declaration of function 'IMU_Initialise' [-Wimplicit-function-declaration]
   96 |   uint8_t status = IMU_Initialise(&imu,&hi2c1,&huart3);
      |                    ^~~~~~~~~~~~~~
../Core/Src/main.c:107:4: warning: implicit declaration of function 'IMU_AccelRead' [-Wimplicit-function-declaration]
  107 |    IMU_AccelRead(&imu);
      |    ^~~~~~~~~~~~~
../Core/Src/main.c:108:4: warning: implicit declaration of function 'IMU_GyroRead'; did you mean 'IMU_TempRead'? [-Wimplicit-function-declaration]
  108 |    IMU_GyroRead(&imu);
      |    ^~~~~~~~~~~~
      |    IMU_TempRead
../Core/Src/main.c:119:4: warning: implicit declaration of function 'sprintf' [-Wimplicit-function-declaration]
  119 |    sprintf(final_p,"%5.2f ", pitch);
      |    ^~~~~~~
../Core/Src/main.c:119:4: warning: incompatible implicit declaration of built-in function 'sprintf'
../Core/Src/main.c:26:1: note: include '<stdio.h>' or provide a declaration of 'sprintf'
   25 | #include <math.h>
  +++ |+#include <stdio.h>
   26 | /* USER CODE END Includes */
../Core/Src/main.c:119:12: warning: passing argument 1 of 'sprintf' makes pointer from integer without a cast [-Wint-conversion]
  119 |    sprintf(final_p,"%5.2f ", pitch);
      |            ^~~~~~~
      |            |
      |            char
../Core/Src/main.c:119:12: note: expected 'char *' but argument is of type 'char'
../Core/Src/main.c:120:12: warning: passing argument 1 of 'sprintf' makes pointer from integer without a cast [-Wint-conversion]
  120 |    sprintf(final_r,"%5.2f ", roll);
      |            ^~~~~~~
      |            |
      |            char
../Core/Src/main.c:120:12: note: expected 'char *' but argument is of type 'char'
../Core/Src/main.c:121:30: warning: passing argument 2 of 'HAL_UART_Transmit' makes pointer from integer without a cast [-Wint-conversion]
  121 |    HAL_UART_Transmit(&huart3,final_p,6,HAL_MAX_DELAY);
      |                              ^~~~~~~
      |                              |
      |                              char
In file included from ../Core/Inc/stm32f4xx_hal_conf.h:407,
                 from ../Drivers/STM32F4xx_HAL_Driver/Inc/stm32f4xx_hal.h:29,
                 from ../Core/Inc/main.h:30,
                 from ../Core/Src/main.c:20:
../Drivers/STM32F4xx_HAL_Driver/Inc/stm32f4xx_hal_uart.h:722:79: note: expected 'const uint8_t *' {aka 'const unsigned char *'} but argument is of type 'char'
  722 | HAL_StatusTypeDef HAL_UART_Transmit(UART_HandleTypeDef *huart, const uint8_t *pData, uint16_t Size, uint32_t Timeout);
      |                                                                ~~~~~~~~~~~~~~~^~~~~
../Core/Src/main.c:122:30: warning: passing argument 2 of 'HAL_UART_Transmit' makes pointer from integer without a cast [-Wint-conversion]
  122 |    HAL_UART_Transmit(&huart3,final_r,6,HAL_MAX_DELAY);
      |                              ^~~~~~~
      |                              |
      |                              char
In file included from ../Core/Inc/stm32f4xx_hal_conf.h:407,
                 from ../Drivers/STM32F4xx_HAL_Driver/Inc/stm32f4xx_hal.h:29,
                 from ../Core/Inc/main.h:30,
                 from ../Core/Src/main.c:20:
../Drivers/STM32F4xx_HAL_Driver/Inc/stm32f4xx_hal_uart.h:722:79: note: expected 'const uint8_t *' {aka 'const unsigned char *'} but argument is of type 'char'
  722 | HAL_StatusTypeDef HAL_UART_Transmit(UART_HandleTypeDef *huart, const uint8_t *pData, uint16_t Size, uint32_t Timeout);
      |                                                                ~~~~~~~~~~~~~~~^~~~~
../Core/Src/main.c:96:11: warning: unused variable 'status' [-Wunused-variable]
   96 |   uint8_t status = IMU_Initialise(&imu,&hi2c1,&huart3);
      |           ^~~~~~
../Core/Src/main.c:119:4: warning: 'final_p' is used uninitialized in this function [-Wuninitialized]
  119 |    sprintf(final_p,"%5.2f ", pitch);
      |    ^~~~~~~~~~~~~~~~~~~~~~~~~~~~~~~~
../Core/Src/main.c:120:4: warning: 'final_r' is used uninitialized in this function [-Wuninitialized]
  120 |    sprintf(final_r,"%5.2f ", roll);
      |    ^~~~~~~~~~~~~~~~~~~~~~~~~~~~~~~
arm-none-eabi-gcc -o "lab2.elf" @"objects.list"   -mcpu=cortex-m4 -T"C:\Users\chan1017\Desktop\SC2104 lab 2\lab 2\lab2\STM32F407VETX_FLASH.ld" --specs=nosys.specs -Wl,-Map="lab2.map" -Wl,--gc-sections -static -u _printf_float --specs=nano.specs -mfpu=fpv4-sp-d16 -mfloat-abi=hard -mthumb -Wl,--start-group -lc -lm -Wl,--end-group
Finished building target: lab2.elf
 
arm-none-eabi-size   lab2.elf 
arm-none-eabi-objdump -h -S  lab2.elf  > "lab2.list"
   text	   data	    bss	    dec	    hex	filename
  31660	    484	   1796	  33940	   8494	lab2.elf
Finished building: default.size.stdout
 
Finished building: lab2.list
 
11:01:40 **** Incremental Build of configuration Debug for project lab2 ****
make -j16 all 
arm-none-eabi-size   lab2.elf 
   text	   data	    bss	    dec	    hex	filename
  31660	    484	   1796	  33940	   8494	lab2.elf
Finished building: default.size.stdout
 
11:02:55 **** Incremental Build of configuration Debug for project lab2 ****
make -j16 all 
arm-none-eabi-gcc "../Core/Src/main.c" -mcpu=cortex-m4 -std=gnu11 -g3 -DDEBUG -DUSE_HAL_DRIVER -DSTM32F407xx -c -I../Core/Inc -I../Drivers/STM32F4xx_HAL_Driver/Inc -I../Drivers/STM32F4xx_HAL_Driver/Inc/Legacy -I../Drivers/CMSIS/Device/ST/STM32F4xx/Include -I../Drivers/CMSIS/Include -O0 -ffunction-sections -fdata-sections -Wall -fstack-usage -MMD -MP -MF"Core/Src/main.d" -MT"Core/Src/main.o" --specs=nano.specs -mfpu=fpv4-sp-d16 -mfloat-abi=hard -mthumb -o "Core/Src/main.o"
../Core/Src/main.c: In function 'main':
../Core/Src/main.c:96:20: warning: implicit declaration of function 'IMU_Initialise' [-Wimplicit-function-declaration]
   96 |   uint8_t status = IMU_Initialise(&imu,&hi2c1,&huart3);
      |                    ^~~~~~~~~~~~~~
../Core/Src/main.c:107:4: warning: implicit declaration of function 'IMU_AccelRead' [-Wimplicit-function-declaration]
  107 |    IMU_AccelRead(&imu);
      |    ^~~~~~~~~~~~~
../Core/Src/main.c:108:4: warning: implicit declaration of function 'IMU_GyroRead'; did you mean 'IMU_TempRead'? [-Wimplicit-function-declaration]
  108 |    IMU_GyroRead(&imu);
      |    ^~~~~~~~~~~~
      |    IMU_TempRead
../Core/Src/main.c:119:4: warning: implicit declaration of function 'sprintf' [-Wimplicit-function-declaration]
  119 |    sprintf(final_p,"%5.2f ", pitch);
      |    ^~~~~~~
../Core/Src/main.c:119:4: warning: incompatible implicit declaration of built-in function 'sprintf'
../Core/Src/main.c:26:1: note: include '<stdio.h>' or provide a declaration of 'sprintf'
   25 | #include <math.h>
  +++ |+#include <stdio.h>
   26 | /* USER CODE END Includes */
../Core/Src/main.c:119:12: warning: passing argument 1 of 'sprintf' makes pointer from integer without a cast [-Wint-conversion]
  119 |    sprintf(final_p,"%5.2f ", pitch);
      |            ^~~~~~~
      |            |
      |            char
../Core/Src/main.c:119:12: note: expected 'char *' but argument is of type 'char'
../Core/Src/main.c:120:12: warning: passing argument 1 of 'sprintf' makes pointer from integer without a cast [-Wint-conversion]
  120 |    sprintf(final_r,"%5.2f ", roll);
      |            ^~~~~~~
[...]
                 from ../Drivers/STM32F4xx_HAL_Driver/Inc/stm32f4xx_hal.h:29,
                 from ../Core/Inc/main.h:30,
                 from ../Core/Src/main.c:20:
../Drivers/STM32F4xx_HAL_Driver/Inc/stm32f4xx_hal_uart.h:722:79: note: expected 'const uint8_t *' {aka 'const unsigned char *'} but argument is of type 'char *'
  722 | HAL_StatusTypeDef HAL_UART_Transmit(UART_HandleTypeDef *huart, const uint8_t *pData, uint16_t Size, uint32_t Timeout);
      |                                                                ~~~~~~~~~~~~~~~^~~~~
../Core/Src/main.c:96:11: warning: unused variable 'status' [-Wunused-variable]
   96 |   uint8_t status = IMU_Initialise(&imu,&hi2c1,&huart3);
      |           ^~~~~~
arm-none-eabi-gcc -o "lab2.elf" @"objects.list"   -mcpu=cortex-m4 -T"C:\Users\chan1017\Desktop\SC2104 lab 2\lab 2\lab2\STM32F407VETX_FLASH.ld" --specs=nosys.specs -Wl,-Map="lab2.map" -Wl,--gc-sections -static -u _printf_float --specs=nano.specs -mfpu=fpv4-sp-d16 -mfloat-abi=hard -mthumb -Wl,--start-group -lc -lm -Wl,--end-group
Finished building target: lab2.elf
 
arm-none-eabi-size   lab2.elf 
arm-none-eabi-objdump -h -S  lab2.elf  > "lab2.list"
   text	   data	    bss	    dec	    hex	filename
  30660	    484	   1796	  32940	   80ac	lab2.elf
Finished building: default.size.stdout
 
Finished building: lab2.list
 
11:04:08 **** Incremental Build of configuration Debug for project lab2 ****
make -j16 all 
arm-none-eabi-size   lab2.elf 
   text	   data	    bss	    dec	    hex	filename
  30660	    484	   1796	  32940	   80ac	lab2.elf
Finished building: default.size.stdout
 
11:05:53 **** Incremental Build of configuration Debug for project lab2 ****
make -j16 all 
arm-none-eabi-gcc "../Core/Src/main.c" -mcpu=cortex-m4 -std=gnu11 -g3 -DDEBUG -DUSE_HAL_DRIVER -DSTM32F407xx -c -I../Core/Inc -I../Drivers/STM32F4xx_HAL_Driver/Inc -I../Drivers/STM32F4xx_HAL_Driver/Inc/Legacy -I../Drivers/CMSIS/Device/ST/STM32F4xx/Include -I../Drivers/CMSIS/Include -O0 -ffunction-sections -fdata-sections -Wall -fstack-usage -MMD -MP -MF"Core/Src/main.d" -MT"Core/Src/main.o" --specs=nano.specs -mfpu=fpv4-sp-d16 -mfloat-abi=hard -mthumb -o "Core/Src/main.o"
../Core/Src/main.c: In function 'main':
../Core/Src/main.c:96:20: warning: implicit declaration of function 'IMU_Initialise' [-Wimplicit-function-declaration]
   96 |   uint8_t status = IMU_Initialise(&imu,&hi2c1,&huart3);
      |                    ^~~~~~~~~~~~~~
../Core/Src/main.c:107:4: warning: implicit declaration of function 'IMU_AccelRead' [-Wimplicit-function-declaration]
  107 |    IMU_AccelRead(&imu);
      |    ^~~~~~~~~~~~~
../Core/Src/main.c:108:4: warning: implicit declaration of function 'IMU_GyroRead'; did you mean 'IMU_TempRead'? [-Wimplicit-function-declaration]
  108 |    IMU_GyroRead(&imu);
      |    ^~~~~~~~~~~~
      |    IMU_TempRead
../Core/Src/main.c:115:5: warning: implicit declaration of function 'sprintf' [-Wimplicit-function-declaration]
  115 |     sprintf(temp[i],"%5.2f ", imu.acc[i]);
      |     ^~~~~~~
../Core/Src/main.c:115:5: warning: incompatible implicit declaration of built-in function 'sprintf'
../Core/Src/main.c:26:1: note: include '<stdio.h>' or provide a declaration of 'sprintf'
   25 | #include <math.h>
  +++ |+#include <stdio.h>
   26 | /* USER CODE END Includes */
../Core/Src/main.c:116:35: warning: pointer targets in passing argument 2 of 'HAL_UART_Transmit' differ in signedness [-Wpointer-sign]
  116 |     HAL_UART_Transmit(&huart3,temp[i],9,HAL_MAX_DELAY);
      |                               ~~~~^~~
      |                                   |
      |                                   char *
In file included from ../Core/Inc/stm32f4xx_hal_conf.h:407,
                 from ../Drivers/STM32F4xx_HAL_Driver/Inc/stm32f4xx_hal.h:29,
                 from ../Core/Inc/main.h:30,
                 from ../Core/Src/main.c:20:
../Drivers/STM32F4xx_HAL_Driver/Inc/stm32f4xx_hal_uart.h:722:79: note: expected 'const uint8_t *' {aka 'const unsigned char *'} but argument is of type 'char *'
  722 | HAL_StatusTypeDef HAL_UART_Transmit(UART_HandleTypeDef *huart, const uint8_t *pData, uint16_t Size, uint32_t Timeout);
      |                                                                ~~~~~~~~~~~~~~~^~~~~
../Core/Src/main.c:96:11: warning: unused variable 'status' [-Wunused-variable]
   96 |   uint8_t status = IMU_Initialise(&imu,&hi2c1,&huart3);
      |           ^~~~~~
arm-none-eabi-gcc -o "lab2.elf" @"objects.list"   -mcpu=cortex-m4 -T"C:\Users\chan1017\Desktop\SC2104 lab 2\lab 2\lab2\STM32F407VETX_FLASH.ld" --specs=nosys.specs -Wl,-Map="lab2.map" -Wl,--gc-sections -static -u _printf_float --specs=nano.specs -mfpu=fpv4-sp-d16 -mfloat-abi=hard -mthumb -Wl,--start-group -lc -lm -Wl,--end-group
Finished building target: lab2.elf
 
arm-none-eabi-size   lab2.elf 
arm-none-eabi-objdump -h -S  lab2.elf  > "lab2.list"
   text	   data	    bss	    dec	    hex	filename
  30668	    484	   1796	  32948	   80b4	lab2.elf
Finished building: default.size.stdout
 
Finished building: lab2.list
 
11:05:57 **** Incremental Build of configuration Debug for project lab2 ****
make -j16 all 
arm-none-eabi-size   lab2.elf 
   text	   data	    bss	    dec	    hex	filename
  30668	    484	   1796	  32948	   80b4	lab2.elf
Finished building: default.size.stdout
 
11:07:26 **** Incremental Build of configuration Debug for project lab2 ****
make -j16 all 
arm-none-eabi-gcc "../Core/Src/main.c" -mcpu=cortex-m4 -std=gnu11 -g3 -DDEBUG -DUSE_HAL_DRIVER -DSTM32F407xx -c -I../Core/Inc -I../Drivers/STM32F4xx_HAL_Driver/Inc -I../Drivers/STM32F4xx_HAL_Driver/Inc/Legacy -I../Drivers/CMSIS/Device/ST/STM32F4xx/Include -I../Drivers/CMSIS/Include -O0 -ffunction-sections -fdata-sections -Wall -fstack-usage -MMD -MP -MF"Core/Src/main.d" -MT"Core/Src/main.o" --specs=nano.specs -mfpu=fpv4-sp-d16 -mfloat-abi=hard -mthumb -o "Core/Src/main.o"
../Core/Src/main.c: In function 'main':
../Core/Src/main.c:95:20: warning: implicit declaration of function 'IMU_Initialise' [-Wimplicit-function-declaration]
   95 |   uint8_t status = IMU_Initialise(&imu,&hi2c1,&huart3);
      |                    ^~~~~~~~~~~~~~
../Core/Src/main.c:106:4: warning: implicit declaration of function 'IMU_AccelRead' [-Wimplicit-function-declaration]
  106 |    IMU_AccelRead(&imu);
      |    ^~~~~~~~~~~~~
../Core/Src/main.c:107:4: warning: implicit declaration of function 'IMU_GyroRead'; did you mean 'IMU_TempRead'? [-Wimplicit-function-declaration]
  107 |    IMU_GyroRead(&imu);
      |    ^~~~~~~~~~~~
      |    IMU_TempRead
../Core/Src/main.c:114:5: warning: implicit declaration of function 'sprintf' [-Wimplicit-function-declaration]
  114 |     sprintf(temp[i],"%5.2f ", imu.acc[i]);
      |     ^~~~~~~
../Core/Src/main.c:114:5: warning: incompatible implicit declaration of built-in function 'sprintf'
../Core/Src/main.c:26:1: note: include '<stdio.h>' or provide a declaration of 'sprintf'
   25 | #include <math.h>
  +++ |+#include <stdio.h>
   26 | /* USER CODE END Includes */
../Core/Src/main.c:115:35: warning: pointer targets in passing argument 2 of 'HAL_UART_Transmit' differ in signedness [-Wpointer-sign]
  115 |     HAL_UART_Transmit(&huart3,temp[i],9,HAL_MAX_DELAY);
      |                               ~~~~^~~
      |                                   |
      |                                   char *
In file included from ../Core/Inc/stm32f4xx_hal_conf.h:407,
                 from ../Drivers/STM32F4xx_HAL_Driver/Inc/stm32f4xx_hal.h:29,
                 from ../Core/Inc/main.h:30,
                 from ../Core/Src/main.c:20:
../Drivers/STM32F4xx_HAL_Driver/Inc/stm32f4xx_hal_uart.h:722:79: note: expected 'const uint8_t *' {aka 'const unsigned char *'} but argument is of type 'char *'
  722 | HAL_StatusTypeDef HAL_UART_Transmit(UART_HandleTypeDef *huart, const uint8_t *pData, uint16_t Size, uint32_t Timeout);
      |                                                                ~~~~~~~~~~~~~~~^~~~~
../Core/Src/main.c:95:11: warning: unused variable 'status' [-Wunused-variable]
   95 |   uint8_t status = IMU_Initialise(&imu,&hi2c1,&huart3);
      |           ^~~~~~
arm-none-eabi-gcc -o "lab2.elf" @"objects.list"   -mcpu=cortex-m4 -T"C:\Users\chan1017\Desktop\SC2104 lab 2\lab 2\lab2\STM32F407VETX_FLASH.ld" --specs=nosys.specs -Wl,-Map="lab2.map" -Wl,--gc-sections -static -u _printf_float --specs=nano.specs -mfpu=fpv4-sp-d16 -mfloat-abi=hard -mthumb -Wl,--start-group -lc -lm -Wl,--end-group
Finished building target: lab2.elf
 
arm-none-eabi-size   lab2.elf 
arm-none-eabi-objdump -h -S  lab2.elf  > "lab2.list"
   text	   data	    bss	    dec	    hex	filename
  30684	    484	   1764	  32932	   80a4	lab2.elf
Finished building: default.size.stdout
 
Finished building: lab2.list
 
11:07:32 **** Incremental Build of configuration Debug for project lab2 ****
make -j16 all 
arm-none-eabi-size   lab2.elf 
   text	   data	    bss	    dec	    hex	filename
  30684	    484	   1764	  32932	   80a4	lab2.elf
Finished building: default.size.stdout
 
11:08:44 **** Incremental Build of configuration Debug for project lab2 ****
make -j16 all 
arm-none-eabi-gcc "../Core/Src/main.c" -mcpu=cortex-m4 -std=gnu11 -g3 -DDEBUG -DUSE_HAL_DRIVER -DSTM32F407xx -c -I../Core/Inc -I../Drivers/STM32F4xx_HAL_Driver/Inc -I../Drivers/STM32F4xx_HAL_Driver/Inc/Legacy -I../Drivers/CMSIS/Device/ST/STM32F4xx/Include -I../Drivers/CMSIS/Include -O0 -ffunction-sections -fdata-sections -Wall -fstack-usage -MMD -MP -MF"Core/Src/main.d" -MT"Core/Src/main.o" --specs=nano.specs -mfpu=fpv4-sp-d16 -mfloat-abi=hard -mthumb -o "Core/Src/main.o"
../Core/Src/main.c: In function 'main':
../Core/Src/main.c:95:20: warning: implicit declaration of function 'IMU_Initialise' [-Wimplicit-function-declaration]
   95 |   uint8_t status = IMU_Initialise(&imu,&hi2c1,&huart3);
      |                    ^~~~~~~~~~~~~~
../Core/Src/main.c:106:4: warning: implicit declaration of function 'IMU_AccelRead' [-Wimplicit-function-declaration]
  106 |    IMU_AccelRead(&imu);
      |    ^~~~~~~~~~~~~
../Core/Src/main.c:107:4: warning: implicit declaration of function 'IMU_GyroRead'; did you mean 'IMU_TempRead'? [-Wimplicit-function-declaration]
  107 |    IMU_GyroRead(&imu);
      |    ^~~~~~~~~~~~
      |    IMU_TempRead
../Core/Src/main.c:114:5: warning: implicit declaration of function 'sprintf' [-Wimplicit-function-declaration]
  114 |     sprintf(temp[i],"%5.2f ", imu.acc[i]);
      |     ^~~~~~~
../Core/Src/main.c:114:5: warning: incompatible implicit declaration of built-in function 'sprintf'
../Core/Src/main.c:26:1: note: include '<stdio.h>' or provide a declaration of 'sprintf'
   25 | #include <math.h>
  +++ |+#include <stdio.h>
   26 | /* USER CODE END Includes */
../Core/Src/main.c:114:17: warning: pointer targets in passing argument 1 of 'sprintf' differ in signedness [-Wpointer-sign]
  114 |     sprintf(temp[i],"%5.2f ", imu.acc[i]);
      |             ~~~~^~~
      |                 |
      |                 uint8_t * {aka unsigned char *}
../Core/Src/main.c:114:17: note: expected 'char *' but argument is of type 'uint8_t *' {aka 'unsigned char *'}
../Core/Src/main.c:95:11: warning: unused variable 'status' [-Wunused-variable]
   95 |   uint8_t status = IMU_Initialise(&imu,&hi2c1,&huart3);
      |           ^~~~~~
arm-none-eabi-gcc -o "lab2.elf" @"objects.list"   -mcpu=cortex-m4 -T"C:\Users\chan1017\Desktop\SC2104 lab 2\lab 2\lab2\STM32F407VETX_FLASH.ld" --specs=nosys.specs -Wl,-Map="lab2.map" -Wl,--gc-sections -static -u _printf_float --specs=nano.specs -mfpu=fpv4-sp-d16 -mfloat-abi=hard -mthumb -Wl,--start-group -lc -lm -Wl,--end-group
Finished building target: lab2.elf
 
arm-none-eabi-size   lab2.elf 
arm-none-eabi-objdump -h -S  lab2.elf  > "lab2.list"
   text	   data	    bss	    dec	    hex	filename
  30684	    484	   1764	  32932	   80a4	lab2.elf
Finished building: default.size.stdout
 
Finished building: lab2.list
 
11:08:49 **** Incremental Build of configuration Debug for project lab2 ****
make -j16 all 
arm-none-eabi-size   lab2.elf 
   text	   data	    bss	    dec	    hex	filename
  30684	    484	   1764	  32932	   80a4	lab2.elf
Finished building: default.size.stdout
 
11:10:05 **** Incremental Build of configuration Debug for project lab2 ****
make -j16 all 
arm-none-eabi-gcc "../Core/Src/main.c" -mcpu=cortex-m4 -std=gnu11 -g3 -DDEBUG -DUSE_HAL_DRIVER -DSTM32F407xx -c -I../Core/Inc -I../Drivers/STM32F4xx_HAL_Driver/Inc -I../Drivers/STM32F4xx_HAL_Driver/Inc/Legacy -I../Drivers/CMSIS/Device/ST/STM32F4xx/Include -I../Drivers/CMSIS/Include -O0 -ffunction-sections -fdata-sections -Wall -fstack-usage -MMD -MP -MF"Core/Src/main.d" -MT"Core/Src/main.o" --specs=nano.specs -mfpu=fpv4-sp-d16 -mfloat-abi=hard -mthumb -o "Core/Src/main.o"
../Core/Src/main.c: In function 'main':
../Core/Src/main.c:95:20: warning: implicit declaration of function 'IMU_Initialise' [-Wimplicit-function-declaration]
   95 |   uint8_t status = IMU_Initialise(&imu,&hi2c1,&huart3);
      |                    ^~~~~~~~~~~~~~
../Core/Src/main.c:106:4: warning: implicit declaration of function 'IMU_AccelRead' [-Wimplicit-function-declaration]
  106 |    IMU_AccelRead(&imu);
      |    ^~~~~~~~~~~~~
../Core/Src/main.c:107:4: warning: implicit declaration of function 'IMU_GyroRead'; did you mean 'IMU_TempRead'? [-Wimplicit-function-declaration]
  107 |    IMU_GyroRead(&imu);
      |    ^~~~~~~~~~~~
      |    IMU_TempRead
../Core/Src/main.c:114:5: warning: implicit declaration of function 'sprintf' [-Wimplicit-function-declaration]
  114 |     sprintf(temp[i],"%5.2f ", imu.acc[i]);
      |     ^~~~~~~
../Core/Src/main.c:114:5: warning: incompatible implicit declaration of built-in function 'sprintf'
../Core/Src/main.c:26:1: note: include '<stdio.h>' or provide a declaration of 'sprintf'
   25 | #include <math.h>
  +++ |+#include <stdio.h>
   26 | /* USER CODE END Includes */
../Core/Src/main.c:114:17: warning: passing argument 1 of 'sprintf' makes pointer from integer without a cast [-Wint-conversion]
  114 |     sprintf(temp[i],"%5.2f ", imu.acc[i]);
      |             ~~~~^~~
      |                 |
      |                 uint8_t {aka unsigned char}
../Core/Src/main.c:114:17: note: expected 'char *' but argument is of type 'uint8_t' {aka 'unsigned char'}
../Core/Src/main.c:115:35: warning: passing argument 2 of 'HAL_UART_Transmit' makes pointer from integer without a cast [-Wint-conversion]
  115 |     HAL_UART_Transmit(&huart3,temp[i],9,HAL_MAX_DELAY);
      |                               ~~~~^~~
      |                                   |
      |                                   uint8_t {aka unsigned char}
In file included from ../Core/Inc/stm32f4xx_hal_conf.h:407,
                 from ../Drivers/STM32F4xx_HAL_Driver/Inc/stm32f4xx_hal.h:29,
                 from ../Core/Inc/main.h:30,
                 from ../Core/Src/main.c:20:
../Drivers/STM32F4xx_HAL_Driver/Inc/stm32f4xx_hal_uart.h:722:79: note: expected 'const uint8_t *' {aka 'const unsigned char *'} but argument is of type 'uint8_t' {aka 'unsigned char'}
  722 | HAL_StatusTypeDef HAL_UART_Transmit(UART_HandleTypeDef *huart, const uint8_t *pData, uint16_t Size, uint32_t Timeout);
      |                                                                ~~~~~~~~~~~~~~~^~~~~
../Core/Src/main.c:95:11: warning: unused variable 'status' [-Wunused-variable]
   95 |   uint8_t status = IMU_Initialise(&imu,&hi2c1,&huart3);
      |           ^~~~~~
arm-none-eabi-gcc -o "lab2.elf" @"objects.list"   -mcpu=cortex-m4 -T"C:\Users\chan1017\Desktop\SC2104 lab 2\lab 2\lab2\STM32F407VETX_FLASH.ld" --specs=nosys.specs -Wl,-Map="lab2.map" -Wl,--gc-sections -static -u _printf_float --specs=nano.specs -mfpu=fpv4-sp-d16 -mfloat-abi=hard -mthumb -Wl,--start-group -lc -lm -Wl,--end-group
Finished building target: lab2.elf
 
arm-none-eabi-size   lab2.elf 
arm-none-eabi-objdump -h -S  lab2.elf  > "lab2.list"
   text	   data	    bss	    dec	    hex	filename
  30676	    484	   1764	  32924	   809c	lab2.elf
Finished building: default.size.stdout
 
Finished building: lab2.list
 
11:10:09 **** Incremental Build of configuration Debug for project lab2 ****
make -j16 all 
arm-none-eabi-size   lab2.elf 
   text	   data	    bss	    dec	    hex	filename
  30676	    484	   1764	  32924	   809c	lab2.elf
Finished building: default.size.stdout
 
11:10:31 **** Incremental Build of configuration Debug for project lab2 ****
make -j16 all 
arm-none-eabi-gcc "../Core/Src/main.c" -mcpu=cortex-m4 -std=gnu11 -g3 -DDEBUG -DUSE_HAL_DRIVER -DSTM32F407xx -c -I../Core/Inc -I../Drivers/STM32F4xx_HAL_Driver/Inc -I../Drivers/STM32F4xx_HAL_Driver/Inc/Legacy -I../Drivers/CMSIS/Device/ST/STM32F4xx/Include -I../Drivers/CMSIS/Include -O0 -ffunction-sections -fdata-sections -Wall -fstack-usage -MMD -MP -MF"Core/Src/main.d" -MT"Core/Src/main.o" --specs=nano.specs -mfpu=fpv4-sp-d16 -mfloat-abi=hard -mthumb -o "Core/Src/main.o"
../Core/Src/main.c: In function 'main':
../Core/Src/main.c:95:20: warning: implicit declaration of function 'IMU_Initialise' [-Wimplicit-function-declaration]
   95 |   uint8_t status = IMU_Initialise(&imu,&hi2c1,&huart3);
      |                    ^~~~~~~~~~~~~~
../Core/Src/main.c:106:4: warning: implicit declaration of function 'IMU_AccelRead' [-Wimplicit-function-declaration]
  106 |    IMU_AccelRead(&imu);
      |    ^~~~~~~~~~~~~
../Core/Src/main.c:107:4: warning: implicit declaration of function 'IMU_GyroRead'; did you mean 'IMU_TempRead'? [-Wimplicit-function-declaration]
  107 |    IMU_GyroRead(&imu);
      |    ^~~~~~~~~~~~
      |    IMU_TempRead
../Core/Src/main.c:114:5: warning: implicit declaration of function 'sprintf' [-Wimplicit-function-declaration]
  114 |     sprintf(temp[i],"%5.2f ", imu.acc[i]);
      |     ^~~~~~~
../Core/Src/main.c:114:5: warning: incompatible implicit declaration of built-in function 'sprintf'
../Core/Src/main.c:26:1: note: include '<stdio.h>' or provide a declaration of 'sprintf'
   25 | #include <math.h>
  +++ |+#include <stdio.h>
   26 | /* USER CODE END Includes */
../Core/Src/main.c:114:17: warning: pointer targets in passing argument 1 of 'sprintf' differ in signedness [-Wpointer-sign]
  114 |     sprintf(temp[i],"%5.2f ", imu.acc[i]);
      |             ~~~~^~~
      |                 |
      |                 uint8_t * {aka unsigned char *}
../Core/Src/main.c:114:17: note: expected 'char *' but argument is of type 'uint8_t *' {aka 'unsigned char *'}
../Core/Src/main.c:95:11: warning: unused variable 'status' [-Wunused-variable]
   95 |   uint8_t status = IMU_Initialise(&imu,&hi2c1,&huart3);
      |           ^~~~~~
arm-none-eabi-gcc -o "lab2.elf" @"objects.list"   -mcpu=cortex-m4 -T"C:\Users\chan1017\Desktop\SC2104 lab 2\lab 2\lab2\STM32F407VETX_FLASH.ld" --specs=nosys.specs -Wl,-Map="lab2.map" -Wl,--gc-sections -static -u _printf_float --specs=nano.specs -mfpu=fpv4-sp-d16 -mfloat-abi=hard -mthumb -Wl,--start-group -lc -lm -Wl,--end-group
Finished building target: lab2.elf
 
arm-none-eabi-size   lab2.elf 
arm-none-eabi-objdump -h -S  lab2.elf  > "lab2.list"
   text	   data	    bss	    dec	    hex	filename
  30684	    484	   1764	  32932	   80a4	lab2.elf
Finished building: default.size.stdout
 
Finished building: lab2.list
 
11:10:33 **** Incremental Build of configuration Debug for project lab2 ****
make -j16 all 
arm-none-eabi-size   lab2.elf 
   text	   data	    bss	    dec	    hex	filename
  30684	    484	   1764	  32932	   80a4	lab2.elf
Finished building: default.size.stdout
 
11:12:24 **** Incremental Build of configuration Debug for project lab2 ****
make -j16 all 
arm-none-eabi-size   lab2.elf 
   text	   data	    bss	    dec	    hex	filename
  30684	    484	   1764	  32932	   80a4	lab2.elf
Finished building: default.size.stdout
 
11:12:32 **** Incremental Build of configuration Debug for project lab2 ****
make -j16 all 
arm-none-eabi-size   lab2.elf 
   text	   data	    bss	    dec	    hex	filename
  30684	    484	   1764	  32932	   80a4	lab2.elf
Finished building: default.size.stdout
 
